2026-08-18 11:36:55,648 | INFO | Run=P7_FINAL_V3_FOLD_3 device=cuda config_hash=9d99f003f90563273a06bf775770af39673d828058f45bae9e66b957c88833cf
2026-08-18 11:36:55,648 | INFO | Split hash train=7822a5f8136130460d01573244e608dceae42831b565271822e6fa3164b84b1b validation=092347b08ac2b12e16c3a5530f3b1b414d13041137502db2740c2967d1b65dca
2026-08-18 11:37:19,408 | INFO | epoch=27 batch=900 global_step=8411 loss_reg_months=3.1419 lr=0.00003174 grad_norm=1.4730 throughput=479.06 img/s eta_seconds=0.9 gpu_alloc=376.7MiB gpu_reserved=4426.0MiB skipped_batches=0
2026-08-18 11:37:31,263 | INFO | epoch=27 batch=925 global_step=8419 loss_reg_months=3.1336 lr=0.00003174 grad_norm=1.2432 throughput=322.68 img/s eta_seconds=0.4 gpu_alloc=485.7MiB gpu_reserved=4426.0MiB skipped_batches=0
2026-08-18 11:39:55,624 | WARNING | STABILITY WARNING [CAM] Prediction vượt nhẹ miền tuổi 0–228: [9.23, 230.12]
2026-08-18 11:39:55,629 | INFO | 
TRAINING REVIEW SNAPSHOT
Run ID / config hash / split hash: P7_FINAL_V3_FOLD_3 / 9d99f003f905 / 7822a5f81361+092347b08ac2
Epoch / global step: 27 / 8423
Train loss: 3.1281
Validation MAE / RMSE / median AE: 6.4959 / 8.7429 / 5.0000
MAE nam / nữ / age bins: {'F': 6.642532562208398, 'M': 6.3719027366863905} / {'120-179': 6.082503113325031, '60-119': 7.720280283505154, '0-59': 6.177505237430168, '180-228': 5.564024390243903}
Learning rate / peak VRAM: 0.00003174 / 4426.0 MiB
Best epoch / best MAE / epochs không cải thiện: 25 / 6.4715 / 2
Cảnh báo hiện tại: CAM: Prediction vượt nhẹ miền tuổi 0–228: [9.23, 230.12]
Checkpoint gần nhất: /content/p7_v3/runs/P7_FINAL_V3_FOLD_3/last.ckpt
Checkpoint tốt nhất: /content/p7_v3/runs/P7_FINAL_V3_FOLD_3/best_mae.ckpt
Đề xuất tự động: THEO DÕI
2026-08-18 11:40:22,327 | INFO | epoch=28 batch=25 global_step=8431 loss_reg_months=3.1172 lr=0.00002557 grad_norm=1.2784 throughput=15.77 img/s eta_seconds=693.0 gpu_alloc=485.7MiB gpu_reserved=4426.0MiB skipped_batches=0
2026-08-18 11:40:37,895 | INFO | epoch=28 batch=50 global_step=8439 loss_reg_months=3.1987 lr=0.00002557 grad_norm=1.5578 throughput=17.35 img/s eta_seconds=612.7 gpu_alloc=485.7MiB gpu_reserved=4426.0MiB skipped_batches=0
2026-08-18 11:40:53,470 | INFO | epoch=28 batch=75 global_step=8448 loss_reg_months=3.2365 lr=0.00002557 grad_norm=1.6625 throughput=17.94 img/s eta_seconds=575.7 gpu_alloc=376.7MiB gpu_reserved=4426.0MiB skipped_batches=0
2026-08-18 11:41:08,887 | INFO | epoch=28 batch=100 global_step=8456 loss_reg_months=3.1793 lr=0.00002557 grad_norm=2.0144 throughput=18.30 img/s eta_seconds=548.1 gpu_alloc=485.7MiB gpu_reserved=4426.0MiB skipped_batches=0
2026-08-18 11:41:24,574 | INFO | epoch=28 batch=125 global_step=8464 loss_reg_months=3.1400 lr=0.00002557 grad_norm=1.2719 throughput=18.46 img/s eta_seconds=527.1 gpu_alloc=485.7MiB gpu_reserved=4426.0MiB skipped_batches=0
2026-08-18 11:41:39,925 | INFO | epoch=28 batch=150 global_step=8473 loss_reg_months=3.1049 lr=0.00002557 grad_norm=1.8246 throughput=18.63 img/s eta_seconds=506.1 gpu_alloc=376.7MiB gpu_reserved=4426.0MiB skipped_batches=0
2026-08-18 11:41:54,806 | INFO | epoch=28 batch=175 global_step=8481 loss_reg_months=3.0997 lr=0.00002557 grad_norm=1.2578 throughput=18.83 img/s eta_seconds=484.7 gpu_alloc=485.7MiB gpu_reserved=4426.0MiB skipped_batches=0
2026-08-18 11:42:10,036 | INFO | epoch=28 batch=200 global_step=8489 loss_reg_months=3.0426 lr=0.00002557 grad_norm=1.5705 throughput=18.94 img/s eta_seconds=466.2 gpu_alloc=485.7MiB gpu_reserved=4426.0MiB skipped_batches=0
2026-08-18 11:42:27,041 | INFO | epoch=28 batch=225 global_step=8498 loss_reg_months=3.0384 lr=0.00002557 grad_norm=1.4219 throughput=18.78 img/s eta_seconds=454.0 gpu_alloc=376.7MiB gpu_reserved=4426.0MiB skipped_batches=0
2026-08-18 11:42:43,584 | INFO | epoch=28 batch=250 global_step=8506 loss_reg_months=3.0291 lr=0.00002557 grad_norm=1.8842 throughput=18.72 img/s eta_seconds=439.6 gpu_alloc=485.7MiB gpu_reserved=4426.0MiB skipped_batches=0
2026-08-18 11:42:58,665 | INFO | epoch=28 batch=275 global_step=8514 loss_reg_months=3.0284 lr=0.00002557 grad_norm=1.9786 throughput=18.82 img/s eta_seconds=421.3 gpu_alloc=485.7MiB gpu_reserved=4426.0MiB skipped_batches=0
2026-08-18 11:43:14,137 | INFO | epoch=28 batch=300 global_step=8523 loss_reg_months=3.0339 lr=0.00002557 grad_norm=1.4039 throughput=18.87 img/s eta_seconds=404.4 gpu_alloc=376.7MiB gpu_reserved=4426.0MiB skipped_batches=0
2026-08-18 11:43:30,138 | INFO | epoch=28 batch=325 global_step=8531 loss_reg_months=3.0206 lr=0.00002557 grad_norm=1.6057 throughput=18.86 img/s eta_seconds=388.7 gpu_alloc=485.7MiB gpu_reserved=4426.0MiB skipped_batches=0
2026-08-18 11:43:45,643 | INFO | epoch=28 batch=350 global_step=8539 loss_reg_months=3.0272 lr=0.00002557 grad_norm=1.3847 throughput=18.89 img/s eta_seconds=372.1 gpu_alloc=485.7MiB gpu_reserved=4426.0MiB skipped_batches=0
2026-08-18 11:44:01,318 | INFO | epoch=28 batch=375 global_step=8548 loss_reg_months=3.0082 lr=0.00002557 grad_norm=1.5126 throughput=18.91 img/s eta_seconds=355.9 gpu_alloc=376.7MiB gpu_reserved=4426.0MiB skipped_batches=0
2026-08-18 11:44:17,330 | INFO | epoch=28 batch=400 global_step=8556 loss_reg_months=3.0157 lr=0.00002557 grad_norm=1.3125 throughput=18.90 img/s eta_seconds=340.2 gpu_alloc=485.7MiB gpu_reserved=4426.0MiB skipped_batches=0
2026-08-18 11:44:34,234 | INFO | epoch=28 batch=425 global_step=8564 loss_reg_months=3.0305 lr=0.00002557 grad_norm=1.4685 throughput=18.82 img/s eta_seconds=325.6 gpu_alloc=485.7MiB gpu_reserved=4426.0MiB skipped_batches=0
2026-08-18 11:44:50,426 | INFO | epoch=28 batch=450 global_step=8573 loss_reg_months=3.0437 lr=0.00002557 grad_norm=1.4712 throughput=18.81 img/s eta_seconds=309.9 gpu_alloc=376.7MiB gpu_reserved=4426.0MiB skipped_batches=0
2026-08-18 11:45:07,147 | INFO | epoch=28 batch=475 global_step=8581 loss_reg_months=3.0456 lr=0.00002557 grad_norm=1.3414 throughput=18.76 img/s eta_seconds=294.7 gpu_alloc=485.7MiB gpu_reserved=4426.0MiB skipped_batches=0
2026-08-18 11:45:23,612 | INFO | epoch=28 batch=500 global_step=8589 loss_reg_months=3.0470 lr=0.00002557 grad_norm=1.5781 throughput=18.73 img/s eta_seconds=279.1 gpu_alloc=485.7MiB gpu_reserved=4426.0MiB skipped_batches=0
2026-08-18 11:45:39,438 | INFO | epoch=28 batch=525 global_step=8598 loss_reg_months=3.0405 lr=0.00002557 grad_norm=1.3420 throughput=18.74 img/s eta_seconds=263.0 gpu_alloc=376.7MiB gpu_reserved=4426.0MiB skipped_batches=0
2026-08-18 11:45:55,142 | INFO | epoch=28 batch=550 global_step=8606 loss_reg_months=3.0345 lr=0.00002557 grad_norm=1.6444 throughput=18.76 img/s eta_seconds=246.8 gpu_alloc=485.7MiB gpu_reserved=4426.0MiB skipped_batches=0
2026-08-18 11:46:10,943 | INFO | epoch=28 batch=575 global_step=8614 loss_reg_months=3.0298 lr=0.00002557 grad_norm=1.5328 throughput=18.77 img/s eta_seconds=230.7 gpu_alloc=485.7MiB gpu_reserved=4426.0MiB skipped_batches=0
2026-08-18 11:46:27,110 | INFO | epoch=28 batch=600 global_step=8623 loss_reg_months=3.0227 lr=0.00002557 grad_norm=1.3033 throughput=18.76 img/s eta_seconds=214.8 gpu_alloc=376.7MiB gpu_reserved=4426.0MiB skipped_batches=0
2026-08-18 11:46:42,758 | INFO | epoch=28 batch=625 global_step=8631 loss_reg_months=3.0273 lr=0.00002557 grad_norm=1.8363 throughput=18.78 img/s eta_seconds=198.6 gpu_alloc=485.7MiB gpu_reserved=4426.0MiB skipped_batches=0
2026-08-18 11:46:58,490 | INFO | epoch=28 batch=650 global_step=8639 loss_reg_months=3.0253 lr=0.00002557 grad_norm=1.3332 throughput=18.79 img/s eta_seconds=182.5 gpu_alloc=485.7MiB gpu_reserved=4426.0MiB skipped_batches=0
2026-08-18 11:47:14,027 | INFO | epoch=28 batch=675 global_step=8648 loss_reg_months=3.0186 lr=0.00002557 grad_norm=1.3503 throughput=18.81 img/s eta_seconds=166.4 gpu_alloc=376.7MiB gpu_reserved=4426.0MiB skipped_batches=0
2026-08-18 11:47:29,062 | INFO | epoch=28 batch=700 global_step=8656 loss_reg_months=3.0215 lr=0.00002557 grad_norm=1.5526 throughput=18.84 img/s eta_seconds=150.1 gpu_alloc=485.7MiB gpu_reserved=4426.0MiB skipped_batches=0
2026-08-18 11:47:47,308 | INFO | epoch=28 batch=725 global_step=8664 loss_reg_months=3.0163 lr=0.00002557 grad_norm=1.4956 throughput=18.75 img/s eta_seconds=134.9 gpu_alloc=485.7MiB gpu_reserved=4426.0MiB skipped_batches=0
2026-08-18 11:48:03,465 | INFO | epoch=28 batch=750 global_step=8673 loss_reg_months=3.0223 lr=0.00002557 grad_norm=1.5492 throughput=18.74 img/s eta_seconds=118.9 gpu_alloc=376.7MiB gpu_reserved=4426.0MiB skipped_batches=0
2026-08-18 11:48:19,755 | INFO | epoch=28 batch=775 global_step=8681 loss_reg_months=3.0348 lr=0.00002557 grad_norm=1.6894 throughput=18.73 img/s eta_seconds=103.0 gpu_alloc=485.7MiB gpu_reserved=4426.0MiB skipped_batches=0
2026-08-18 11:48:36,664 | INFO | epoch=28 batch=800 global_step=8689 loss_reg_months=3.0230 lr=0.00002557 grad_norm=1.4137 throughput=18.70 img/s eta_seconds=87.1 gpu_alloc=485.7MiB gpu_reserved=4426.0MiB skipped_batches=0
2026-08-18 11:48:51,963 | INFO | epoch=28 batch=825 global_step=8698 loss_reg_months=3.0173 lr=0.00002557 grad_norm=1.4737 throughput=18.73 img/s eta_seconds=71.0 gpu_alloc=376.7MiB gpu_reserved=4426.0MiB skipped_batches=0
2026-08-18 11:49:10,195 | INFO | epoch=28 batch=850 global_step=8706 loss_reg_months=3.0232 lr=0.00002557 grad_norm=1.6404 throughput=18.65 img/s eta_seconds=55.2 gpu_alloc=485.7MiB gpu_reserved=4426.0MiB skipped_batches=0
2026-08-18 11:49:26,197 | INFO | epoch=28 batch=875 global_step=8714 loss_reg_months=3.0123 lr=0.00002557 grad_norm=2.4948 throughput=18.65 img/s eta_seconds=39.1 gpu_alloc=485.7MiB gpu_reserved=4426.0MiB skipped_batches=0
2026-08-18 11:49:41,927 | INFO | epoch=28 batch=900 global_step=8723 loss_reg_months=3.0115 lr=0.00002557 grad_norm=1.9057 throughput=18.67 img/s eta_seconds=23.0 gpu_alloc=376.7MiB gpu_reserved=4426.0MiB skipped_batches=0
2026-08-18 11:49:58,069 | INFO | epoch=28 batch=925 global_step=8731 loss_reg_months=3.0183 lr=0.00002557 grad_norm=1.5564 throughput=18.66 img/s eta_seconds=6.9 gpu_alloc=485.7MiB gpu_reserved=4426.0MiB skipped_batches=0
2026-08-18 11:52:07,513 | INFO | 
TRAINING REVIEW SNAPSHOT
Run ID / config hash / split hash: P7_FINAL_V3_FOLD_3 / 9d99f003f905 / 7822a5f81361+092347b08ac2
Epoch / global step: 28 / 8735
Train loss: 3.0168
Validation MAE / RMSE / median AE: 6.4115 / 8.6530 / 4.8750
MAE nam / nữ / age bins: {'F': 6.585779548989113, 'M': 6.264099482248521} / {'120-179': 6.03868306351183, '60-119': 7.631443298969073, '0-59': 5.617362081005586, '180-228': 5.574695121951219}
Learning rate / peak VRAM: 0.00002557 / 4426.0 MiB
Best epoch / best MAE / epochs không cải thiện: 28 / 6.4115 / 0
Cảnh báo hiện tại: KHÔNG
Checkpoint gần nhất: /content/p7_v3/runs/P7_FINAL_V3_FOLD_3/last.ckpt
Checkpoint tốt nhất: /content/p7_v3/runs/P7_FINAL_V3_FOLD_3/best_mae.ckpt
Đề xuất tự động: TIẾP TỤC
2026-08-18 11:52:32,506 | INFO | epoch=29 batch=25 global_step=8743 loss_reg_months=2.9231 lr=0.00002000 grad_norm=1.3354 throughput=14.62 img/s eta_seconds=747.5 gpu_alloc=485.7MiB gpu_reserved=4426.0MiB skipped_batches=0
2026-08-18 11:52:50,514 | INFO | epoch=29 batch=50 global_step=8751 loss_reg_months=2.8351 lr=0.00002000 grad_norm=1.8397 throughput=15.57 img/s eta_seconds=682.5 gpu_alloc=485.7MiB gpu_reserved=4426.0MiB skipped_batches=0
2026-08-18 11:53:04,652 | INFO | epoch=29 batch=75 global_step=8760 loss_reg_months=2.8881 lr=0.00002000 grad_norm=1.9357 throughput=17.09 img/s eta_seconds=604.4 gpu_alloc=376.7MiB gpu_reserved=4426.0MiB skipped_batches=0
2026-08-18 11:53:21,312 | INFO | epoch=29 batch=100 global_step=8768 loss_reg_months=2.9207 lr=0.00002000 grad_norm=1.2862 throughput=17.31 img/s eta_seconds=579.4 gpu_alloc=485.7MiB gpu_reserved=4426.0MiB skipped_batches=0
2026-08-18 11:53:36,920 | INFO | epoch=29 batch=125 global_step=8776 loss_reg_months=2.8529 lr=0.00002000 grad_norm=1.2712 throughput=17.66 img/s eta_seconds=550.9 gpu_alloc=485.7MiB gpu_reserved=4426.0MiB skipped_batches=0
2026-08-18 11:53:52,625 | INFO | epoch=29 batch=150 global_step=8785 loss_reg_months=2.8854 lr=0.00002000 grad_norm=1.4675 throughput=17.89 img/s eta_seconds=527.2 gpu_alloc=376.7MiB gpu_reserved=4426.0MiB skipped_batches=0
2026-08-18 11:54:09,533 | INFO | epoch=29 batch=175 global_step=8793 loss_reg_months=2.9665 lr=0.00002000 grad_norm=1.1650 throughput=17.87 img/s eta_seconds=511.0 gpu_alloc=485.7MiB gpu_reserved=4426.0MiB skipped_batches=0
2026-08-18 11:54:25,968 | INFO | epoch=29 batch=200 global_step=8801 loss_reg_months=2.9863 lr=0.00002000 grad_norm=1.5625 throughput=17.91 img/s eta_seconds=492.9 gpu_alloc=485.7MiB gpu_reserved=4426.0MiB skipped_batches=0
2026-08-18 11:54:41,304 | INFO | epoch=29 batch=225 global_step=8810 loss_reg_months=2.9865 lr=0.00002000 grad_norm=2.1247 throughput=18.08 img/s eta_seconds=471.7 gpu_alloc=376.7MiB gpu_reserved=4426.0MiB skipped_batches=0
2026-08-18 11:54:57,050 | INFO | epoch=29 batch=250 global_step=8818 loss_reg_months=2.9646 lr=0.00002000 grad_norm=1.3767 throughput=18.17 img/s eta_seconds=452.8 gpu_alloc=485.7MiB gpu_reserved=4426.0MiB skipped_batches=0
2026-08-18 11:55:12,786 | INFO | epoch=29 batch=275 global_step=8826 loss_reg_months=2.9400 lr=0.00002000 grad_norm=1.6542 throughput=18.25 img/s eta_seconds=434.4 gpu_alloc=485.7MiB gpu_reserved=4426.0MiB skipped_batches=0
2026-08-18 11:55:28,825 | INFO | epoch=29 batch=300 global_step=8835 loss_reg_months=2.9384 lr=0.00002000 grad_norm=1.7782 throughput=18.29 img/s eta_seconds=417.1 gpu_alloc=376.7MiB gpu_reserved=4426.0MiB skipped_batches=0
2026-08-18 11:55:43,668 | INFO | epoch=29 batch=325 global_step=8843 loss_reg_months=2.9525 lr=0.00002000 grad_norm=1.6279 throughput=18.42 img/s eta_seconds=397.8 gpu_alloc=485.7MiB gpu_reserved=4426.0MiB skipped_batches=0
2026-08-18 11:55:59,679 | INFO | epoch=29 batch=350 global_step=8851 loss_reg_months=2.9686 lr=0.00002000 grad_norm=1.4593 throughput=18.45 img/s eta_seconds=381.1 gpu_alloc=485.7MiB gpu_reserved=4426.0MiB skipped_batches=0
2026-08-18 11:56:15,214 | INFO | epoch=29 batch=375 global_step=8860 loss_reg_months=2.9810 lr=0.00002000 grad_norm=1.8658 throughput=18.50 img/s eta_seconds=363.7 gpu_alloc=376.7MiB gpu_reserved=4426.0MiB skipped_batches=0
2026-08-18 11:56:31,139 | INFO | epoch=29 batch=400 global_step=8868 loss_reg_months=2.9686 lr=0.00002000 grad_norm=1.7541 throughput=18.52 img/s eta_seconds=347.1 gpu_alloc=485.7MiB gpu_reserved=4426.0MiB skipped_batches=0
2026-08-18 11:56:46,401 | INFO | epoch=29 batch=425 global_step=8876 loss_reg_months=2.9676 lr=0.00002000 grad_norm=1.3572 throughput=18.58 img/s eta_seconds=329.8 gpu_alloc=485.7MiB gpu_reserved=4426.0MiB skipped_batches=0
2026-08-18 11:57:01,069 | INFO | epoch=29 batch=450 global_step=8885 loss_reg_months=2.9722 lr=0.00002000 grad_norm=1.3283 throughput=18.68 img/s eta_seconds=312.0 gpu_alloc=376.7MiB gpu_reserved=4426.0MiB skipped_batches=0
2026-08-18 11:57:16,980 | INFO | epoch=29 batch=475 global_step=8893 loss_reg_months=2.9620 lr=0.00002000 grad_norm=1.3911 throughput=18.69 img/s eta_seconds=295.8 gpu_alloc=485.7MiB gpu_reserved=4426.0MiB skipped_batches=0
2026-08-18 11:57:33,189 | INFO | epoch=29 batch=500 global_step=8901 loss_reg_months=2.9504 lr=0.00002000 grad_norm=1.3454 throughput=18.68 img/s eta_seconds=279.9 gpu_alloc=485.7MiB gpu_reserved=4426.0MiB skipped_batches=0
2026-08-18 11:57:48,449 | INFO | epoch=29 batch=525 global_step=8910 loss_reg_months=2.9415 lr=0.00002000 grad_norm=1.7409 throughput=18.72 img/s eta_seconds=263.2 gpu_alloc=376.7MiB gpu_reserved=4426.0MiB skipped_batches=0
2026-08-18 11:58:07,088 | INFO | epoch=29 batch=550 global_step=8918 loss_reg_months=2.9422 lr=0.00002000 grad_norm=1.6436 throughput=18.59 img/s eta_seconds=249.1 gpu_alloc=485.7MiB gpu_reserved=4426.0MiB skipped_batches=0
2026-08-18 11:58:25,874 | INFO | epoch=29 batch=575 global_step=8926 loss_reg_months=2.9303 lr=0.00002000 grad_norm=1.4625 throughput=18.45 img/s eta_seconds=234.6 gpu_alloc=485.7MiB gpu_reserved=4426.0MiB skipped_batches=0
2026-08-18 11:58:41,061 | INFO | epoch=29 batch=600 global_step=8935 loss_reg_months=2.9274 lr=0.00002000 grad_norm=1.3784 throughput=18.51 img/s eta_seconds=217.7 gpu_alloc=376.7MiB gpu_reserved=4426.0MiB skipped_batches=0
2026-08-18 11:58:56,901 | INFO | epoch=29 batch=625 global_step=8943 loss_reg_months=2.9228 lr=0.00002000 grad_norm=1.3482 throughput=18.52 img/s eta_seconds=201.3 gpu_alloc=485.7MiB gpu_reserved=4426.0MiB skipped_batches=0
2026-08-18 11:59:12,821 | INFO | epoch=29 batch=650 global_step=8951 loss_reg_months=2.9104 lr=0.00002000 grad_norm=1.5335 throughput=18.53 img/s eta_seconds=185.0 gpu_alloc=485.7MiB gpu_reserved=4426.0MiB skipped_batches=0
2026-08-18 11:59:29,814 | INFO | epoch=29 batch=675 global_step=8960 loss_reg_months=2.9136 lr=0.00002000 grad_norm=1.4986 throughput=18.50 img/s eta_seconds=169.1 gpu_alloc=376.7MiB gpu_reserved=4426.0MiB skipped_batches=0
2026-08-18 11:59:45,021 | INFO | epoch=29 batch=700 global_step=8968 loss_reg_months=2.9093 lr=0.00002000 grad_norm=1.6324 throughput=18.54 img/s eta_seconds=152.6 gpu_alloc=485.7MiB gpu_reserved=4426.0MiB skipped_batches=0
2026-08-18 12:00:01,362 | INFO | epoch=29 batch=725 global_step=8976 loss_reg_months=2.9033 lr=0.00002000 grad_norm=1.4511 throughput=18.54 img/s eta_seconds=136.4 gpu_alloc=485.7MiB gpu_reserved=4426.0MiB skipped_batches=0
2026-08-18 12:00:16,828 | INFO | epoch=29 batch=750 global_step=8985 loss_reg_months=2.9076 lr=0.00002000 grad_norm=2.4126 throughput=18.56 img/s eta_seconds=120.1 gpu_alloc=376.7MiB gpu_reserved=4426.0MiB skipped_batches=0
2026-08-18 12:00:33,098 | INFO | epoch=29 batch=775 global_step=8993 loss_reg_months=2.9073 lr=0.00002000 grad_norm=1.6275 throughput=18.56 img/s eta_seconds=103.9 gpu_alloc=485.7MiB gpu_reserved=4426.0MiB skipped_batches=0
2026-08-18 12:00:50,089 | INFO | epoch=29 batch=800 global_step=9001 loss_reg_months=2.9102 lr=0.00002000 grad_norm=1.6892 throughput=18.53 img/s eta_seconds=87.9 gpu_alloc=485.7MiB gpu_reserved=4426.0MiB skipped_batches=0
2026-08-18 12:01:05,110 | INFO | epoch=29 batch=825 global_step=9010 loss_reg_months=2.9041 lr=0.00002000 grad_norm=1.4733 throughput=18.57 img/s eta_seconds=71.6 gpu_alloc=376.7MiB gpu_reserved=4426.0MiB skipped_batches=0
2026-08-18 12:01:20,784 | INFO | epoch=29 batch=850 global_step=9018 loss_reg_months=2.9034 lr=0.00002000 grad_norm=1.4371 throughput=18.59 img/s eta_seconds=55.4 gpu_alloc=485.7MiB gpu_reserved=4426.0MiB skipped_batches=0
2026-08-18 12:01:37,291 | INFO | epoch=29 batch=875 global_step=9026 loss_reg_months=2.9032 lr=0.00002000 grad_norm=1.4683 throughput=18.57 img/s eta_seconds=39.2 gpu_alloc=485.7MiB gpu_reserved=4426.0MiB skipped_batches=0
2026-08-18 12:01:53,089 | INFO | epoch=29 batch=900 global_step=9035 loss_reg_months=2.9057 lr=0.00002000 grad_norm=1.8238 throughput=18.59 img/s eta_seconds=23.1 gpu_alloc=376.7MiB gpu_reserved=4426.0MiB skipped_batches=0
2026-08-18 12:02:07,310 | INFO | epoch=29 batch=925 global_step=9043 loss_reg_months=2.9114 lr=0.00002000 grad_norm=1.6217 throughput=18.65 img/s eta_seconds=6.9 gpu_alloc=485.7MiB gpu_reserved=4426.0MiB skipped_batches=0
2026-08-18 12:04:13,741 | INFO | 
TRAINING REVIEW SNAPSHOT
Run ID / config hash / split hash: P7_FINAL_V3_FOLD_3 / 9d99f003f905 / 7822a5f81361+092347b08ac2
Epoch / global step: 29 / 9047
Train loss: 2.9065
Validation MAE / RMSE / median AE: 6.4374 / 8.6985 / 4.8750
MAE nam / nữ / age bins: {'F': 6.600809195178849, 'M': 6.299150435568705} / {'120-179': 6.0050591531755915, '60-119': 7.748107280927835, '0-59': 5.72760998603352, '180-228': 5.641260162601626}
Learning rate / peak VRAM: 0.00002000 / 4426.0 MiB
Best epoch / best MAE / epochs không cải thiện: 28 / 6.4115 / 1
Cảnh báo hiện tại: KHÔNG
Checkpoint gần nhất: /content/p7_v3/runs/P7_FINAL_V3_FOLD_3/last.ckpt
Checkpoint tốt nhất: /content/p7_v3/runs/P7_FINAL_V3_FOLD_3/best_mae.ckpt
Đề xuất tự động: TIẾP TỤC
2026-08-18 12:04:35,677 | INFO | epoch=30 batch=25 global_step=9055 loss_reg_months=2.9899 lr=0.00001508 grad_norm=1.4013 throughput=16.35 img/s eta_seconds=668.6 gpu_alloc=485.7MiB gpu_reserved=4426.0MiB skipped_batches=0
2026-08-18 12:04:51,107 | INFO | epoch=30 batch=50 global_step=9063 loss_reg_months=2.9751 lr=0.00001508 grad_norm=1.4341 throughput=17.76 img/s eta_seconds=598.5 gpu_alloc=485.7MiB gpu_reserved=4426.0MiB skipped_batches=0
2026-08-18 12:05:06,833 | INFO | epoch=30 batch=75 global_step=9072 loss_reg_months=2.8985 lr=0.00001508 grad_norm=1.5295 throughput=18.18 img/s eta_seconds=568.2 gpu_alloc=376.7MiB gpu_reserved=4426.0MiB skipped_batches=0
2026-08-18 12:05:22,148 | INFO | epoch=30 batch=100 global_step=9080 loss_reg_months=2.8600 lr=0.00001508 grad_norm=1.8222 throughput=18.51 img/s eta_seconds=541.7 gpu_alloc=485.7MiB gpu_reserved=4426.0MiB skipped_batches=0
2026-08-18 12:05:40,148 | INFO | epoch=30 batch=125 global_step=9088 loss_reg_months=2.8179 lr=0.00001508 grad_norm=1.3800 throughput=18.11 img/s eta_seconds=537.2 gpu_alloc=485.7MiB gpu_reserved=4426.0MiB skipped_batches=0
2026-08-18 12:05:54,458 | INFO | epoch=30 batch=150 global_step=9097 loss_reg_months=2.8692 lr=0.00001508 grad_norm=1.4907 throughput=18.53 img/s eta_seconds=508.8 gpu_alloc=376.7MiB gpu_reserved=4426.0MiB skipped_batches=0
2026-08-18 12:06:10,123 | INFO | epoch=30 batch=175 global_step=9105 loss_reg_months=2.8539 lr=0.00001508 grad_norm=1.5016 throughput=18.62 img/s eta_seconds=490.4 gpu_alloc=485.7MiB gpu_reserved=4426.0MiB skipped_batches=0
2026-08-18 12:06:27,613 | INFO | epoch=30 batch=200 global_step=9113 loss_reg_months=2.8037 lr=0.00001508 grad_norm=1.3730 throughput=18.42 img/s eta_seconds=479.3 gpu_alloc=485.7MiB gpu_reserved=4426.0MiB skipped_batches=0
2026-08-18 12:06:43,332 | INFO | epoch=30 batch=225 global_step=9122 loss_reg_months=2.8279 lr=0.00001508 grad_norm=2.0362 throughput=18.49 img/s eta_seconds=461.2 gpu_alloc=376.7MiB gpu_reserved=4426.0MiB skipped_batches=0
2026-08-18 12:06:58,849 | INFO | epoch=30 batch=250 global_step=9130 loss_reg_months=2.8395 lr=0.00001508 grad_norm=1.5958 throughput=18.57 img/s eta_seconds=443.1 gpu_alloc=485.7MiB gpu_reserved=4426.0MiB skipped_batches=0
2026-08-18 12:07:14,751 | INFO | epoch=30 batch=275 global_step=9138 loss_reg_months=2.8239 lr=0.00001508 grad_norm=1.6376 throughput=18.60 img/s eta_seconds=426.3 gpu_alloc=485.7MiB gpu_reserved=4426.0MiB skipped_batches=0
2026-08-18 12:07:32,007 | INFO | epoch=30 batch=300 global_step=9147 loss_reg_months=2.8102 lr=0.00001508 grad_norm=1.2108 throughput=18.49 img/s eta_seconds=412.6 gpu_alloc=376.7MiB gpu_reserved=4426.0MiB skipped_batches=0
2026-08-18 12:07:47,085 | INFO | epoch=30 batch=325 global_step=9155 loss_reg_months=2.8086 lr=0.00001508 grad_norm=1.2305 throughput=18.59 img/s eta_seconds=394.2 gpu_alloc=485.7MiB gpu_reserved=4426.0MiB skipped_batches=0
2026-08-18 12:08:02,908 | INFO | epoch=30 batch=350 global_step=9163 loss_reg_months=2.8007 lr=0.00001508 grad_norm=1.7639 throughput=18.62 img/s eta_seconds=377.5 gpu_alloc=485.7MiB gpu_reserved=4426.0MiB skipped_batches=0
2026-08-18 12:08:18,613 | INFO | epoch=30 batch=375 global_step=9172 loss_reg_months=2.7992 lr=0.00001508 grad_norm=2.1181 throughput=18.65 img/s eta_seconds=360.8 gpu_alloc=376.7MiB gpu_reserved=4426.0MiB skipped_batches=0
2026-08-18 12:08:35,056 | INFO | epoch=30 batch=400 global_step=9180 loss_reg_months=2.8118 lr=0.00001508 grad_norm=1.8024 throughput=18.62 img/s eta_seconds=345.2 gpu_alloc=485.7MiB gpu_reserved=4426.0MiB skipped_batches=0
2026-08-18 12:08:50,891 | INFO | epoch=30 batch=425 global_step=9188 loss_reg_months=2.8021 lr=0.00001508 grad_norm=1.5311 throughput=18.64 img/s eta_seconds=328.8 gpu_alloc=485.7MiB gpu_reserved=4426.0MiB skipped_batches=0
2026-08-18 12:09:05,588 | INFO | epoch=30 batch=450 global_step=9197 loss_reg_months=2.8085 lr=0.00001508 grad_norm=2.0824 throughput=18.73 img/s eta_seconds=311.2 gpu_alloc=376.7MiB gpu_reserved=4426.0MiB skipped_batches=0
2026-08-18 12:09:21,906 | INFO | epoch=30 batch=475 global_step=9205 loss_reg_months=2.8032 lr=0.00001508 grad_norm=1.4783 throughput=18.71 img/s eta_seconds=295.4 gpu_alloc=485.7MiB gpu_reserved=4426.0MiB skipped_batches=0
2026-08-18 12:09:38,029 | INFO | epoch=30 batch=500 global_step=9213 loss_reg_months=2.8100 lr=0.00001508 grad_norm=1.3816 throughput=18.71 img/s eta_seconds=279.5 gpu_alloc=485.7MiB gpu_reserved=4426.0MiB skipped_batches=0
2026-08-18 12:09:53,633 | INFO | epoch=30 batch=525 global_step=9222 loss_reg_months=2.8209 lr=0.00001508 grad_norm=1.7956 throughput=18.73 img/s eta_seconds=263.1 gpu_alloc=376.7MiB gpu_reserved=4426.0MiB skipped_batches=0
2026-08-18 12:10:09,348 | INFO | epoch=30 batch=550 global_step=9230 loss_reg_months=2.8306 lr=0.00001508 grad_norm=1.6981 throughput=18.75 img/s eta_seconds=246.9 gpu_alloc=485.7MiB gpu_reserved=4426.0MiB skipped_batches=0
2026-08-18 12:10:25,694 | INFO | epoch=30 batch=575 global_step=9238 loss_reg_months=2.8309 lr=0.00001508 grad_norm=1.6591 throughput=18.73 img/s eta_seconds=231.1 gpu_alloc=485.7MiB gpu_reserved=4426.0MiB skipped_batches=0
2026-08-18 12:10:44,459 | INFO | epoch=30 batch=600 global_step=9247 loss_reg_months=2.8193 lr=0.00001508 grad_norm=1.6021 throughput=18.60 img/s eta_seconds=216.6 gpu_alloc=376.7MiB gpu_reserved=4426.0MiB skipped_batches=0
2026-08-18 12:11:00,199 | INFO | epoch=30 batch=625 global_step=9255 loss_reg_months=2.8184 lr=0.00001508 grad_norm=1.8679 throughput=18.62 img/s eta_seconds=200.3 gpu_alloc=485.7MiB gpu_reserved=4426.0MiB skipped_batches=0
2026-08-18 12:11:16,715 | INFO | epoch=30 batch=650 global_step=9263 loss_reg_months=2.8055 lr=0.00001508 grad_norm=1.4660 throughput=18.60 img/s eta_seconds=184.4 gpu_alloc=485.7MiB gpu_reserved=4426.0MiB skipped_batches=0
2026-08-18 12:11:32,147 | INFO | epoch=30 batch=675 global_step=9272 loss_reg_months=2.8143 lr=0.00001508 grad_norm=1.7845 throughput=18.63 img/s eta_seconds=168.0 gpu_alloc=376.7MiB gpu_reserved=4426.0MiB skipped_batches=0
2026-08-18 12:11:48,452 | INFO | epoch=30 batch=700 global_step=9280 loss_reg_months=2.8044 lr=0.00001508 grad_norm=1.5782 throughput=18.62 img/s eta_seconds=151.9 gpu_alloc=485.7MiB gpu_reserved=4426.0MiB skipped_batches=0
2026-08-18 12:12:03,916 | INFO | epoch=30 batch=725 global_step=9288 loss_reg_months=2.8224 lr=0.00001508 grad_norm=2.4208 throughput=18.65 img/s eta_seconds=135.6 gpu_alloc=485.7MiB gpu_reserved=4426.0MiB skipped_batches=0
2026-08-18 12:12:19,349 | INFO | epoch=30 batch=750 global_step=9297 loss_reg_months=2.8208 lr=0.00001508 grad_norm=1.6146 throughput=18.67 img/s eta_seconds=119.4 gpu_alloc=376.7MiB gpu_reserved=4426.0MiB skipped_batches=0
2026-08-18 12:12:34,429 | INFO | epoch=30 batch=775 global_step=9305 loss_reg_months=2.8180 lr=0.00001508 grad_norm=1.3122 throughput=18.71 img/s eta_seconds=103.1 gpu_alloc=485.7MiB gpu_reserved=4426.0MiB skipped_batches=0
2026-08-18 12:12:51,648 | INFO | epoch=30 batch=800 global_step=9313 loss_reg_months=2.8258 lr=0.00001508 grad_norm=1.8026 throughput=18.67 img/s eta_seconds=87.3 gpu_alloc=485.7MiB gpu_reserved=4426.0MiB skipped_batches=0
2026-08-18 12:13:07,479 | INFO | epoch=30 batch=825 global_step=9322 loss_reg_months=2.8288 lr=0.00001508 grad_norm=1.7948 throughput=18.67 img/s eta_seconds=71.2 gpu_alloc=376.7MiB gpu_reserved=4426.0MiB skipped_batches=0
2026-08-18 12:13:23,064 | INFO | epoch=30 batch=850 global_step=9330 loss_reg_months=2.8263 lr=0.00001508 grad_norm=2.6721 throughput=18.69 img/s eta_seconds=55.1 gpu_alloc=485.7MiB gpu_reserved=4426.0MiB skipped_batches=0
2026-08-18 12:13:38,526 | INFO | epoch=30 batch=875 global_step=9338 loss_reg_months=2.8251 lr=0.00001508 grad_norm=1.8642 throughput=18.71 img/s eta_seconds=39.0 gpu_alloc=485.7MiB gpu_reserved=4426.0MiB skipped_batches=0
2026-08-18 12:13:55,474 | INFO | epoch=30 batch=900 global_step=9347 loss_reg_months=2.8235 lr=0.00001508 grad_norm=1.4498 throughput=18.68 img/s eta_seconds=23.0 gpu_alloc=376.7MiB gpu_reserved=4426.0MiB skipped_batches=0
2026-08-18 12:14:10,229 | INFO | epoch=30 batch=925 global_step=9355 loss_reg_months=2.8310 lr=0.00001508 grad_norm=2.0652 throughput=18.72 img/s eta_seconds=6.9 gpu_alloc=485.7MiB gpu_reserved=4426.0MiB skipped_batches=0
2026-08-18 12:16:16,289 | INFO | 
TRAINING REVIEW SNAPSHOT
Run ID / config hash / split hash: P7_FINAL_V3_FOLD_3 / 9d99f003f905 / 7822a5f81361+092347b08ac2
Epoch / global step: 30 / 9359
Train loss: 2.8298
Validation MAE / RMSE / median AE: 6.4485 / 8.6942 / 4.8750
MAE nam / nữ / age bins: {'F': 6.634258359253499, 'M': 6.291517710387903} / {'120-179': 6.11332503113325, '60-119': 7.588957796391752, '0-59': 5.720103002793296, '180-228': 5.569613821138211}
Learning rate / peak VRAM: 0.00001508 / 4426.0 MiB
Best epoch / best MAE / epochs không cải thiện: 28 / 6.4115 / 2
Cảnh báo hiện tại: KHÔNG
Checkpoint gần nhất: /content/p7_v3/runs/P7_FINAL_V3_FOLD_3/last.ckpt
Checkpoint tốt nhất: /content/p7_v3/runs/P7_FINAL_V3_FOLD_3/best_mae.ckpt
Đề xuất tự động: TIẾP TỤC
2026-08-18 12:16:43,601 | INFO | epoch=31 batch=25 global_step=9367 loss_reg_months=2.8755 lr=0.00001085 grad_norm=1.4682 throughput=15.35 img/s eta_seconds=712.0 gpu_alloc=485.7MiB gpu_reserved=4426.0MiB skipped_batches=0
2026-08-18 12:16:58,661 | INFO | epoch=31 batch=50 global_step=9375 loss_reg_months=3.0573 lr=0.00001085 grad_norm=1.5656 throughput=17.34 img/s eta_seconds=613.0 gpu_alloc=485.7MiB gpu_reserved=4426.0MiB skipped_batches=0
2026-08-18 12:17:14,607 | INFO | epoch=31 batch=75 global_step=9384 loss_reg_months=2.8853 lr=0.00001085 grad_norm=1.4332 throughput=17.80 img/s eta_seconds=580.1 gpu_alloc=376.7MiB gpu_reserved=4426.0MiB skipped_batches=0
2026-08-18 12:17:31,306 | INFO | epoch=31 batch=100 global_step=9392 loss_reg_months=2.7532 lr=0.00001085 grad_norm=1.3229 throughput=17.84 img/s eta_seconds=562.0 gpu_alloc=485.7MiB gpu_reserved=4426.0MiB skipped_batches=0
2026-08-18 12:17:46,666 | INFO | epoch=31 batch=125 global_step=9400 loss_reg_months=2.7387 lr=0.00001085 grad_norm=1.2861 throughput=18.16 img/s eta_seconds=535.8 gpu_alloc=485.7MiB gpu_reserved=4426.0MiB skipped_batches=0
2026-08-18 12:18:02,119 | INFO | epoch=31 batch=150 global_step=9409 loss_reg_months=2.7368 lr=0.00001085 grad_norm=1.5945 throughput=18.36 img/s eta_seconds=513.7 gpu_alloc=376.7MiB gpu_reserved=4426.0MiB skipped_batches=0
2026-08-18 12:18:16,975 | INFO | epoch=31 batch=175 global_step=9417 loss_reg_months=2.7654 lr=0.00001085 grad_norm=1.4675 throughput=18.60 img/s eta_seconds=490.9 gpu_alloc=485.7MiB gpu_reserved=4426.0MiB skipped_batches=0
2026-08-18 12:18:32,897 | INFO | epoch=31 batch=200 global_step=9425 loss_reg_months=2.7585 lr=0.00001085 grad_norm=1.4128 throughput=18.63 img/s eta_seconds=474.0 gpu_alloc=485.7MiB gpu_reserved=4426.0MiB skipped_batches=0
2026-08-18 12:18:48,056 | INFO | epoch=31 batch=225 global_step=9434 loss_reg_months=2.8221 lr=0.00001085 grad_norm=1.8377 throughput=18.75 img/s eta_seconds=454.9 gpu_alloc=376.7MiB gpu_reserved=4426.0MiB skipped_batches=0
2026-08-18 12:19:03,129 | INFO | epoch=31 batch=250 global_step=9442 loss_reg_months=2.7975 lr=0.00001085 grad_norm=1.3625 throughput=18.86 img/s eta_seconds=436.3 gpu_alloc=485.7MiB gpu_reserved=4426.0MiB skipped_batches=0
2026-08-18 12:19:18,592 | INFO | epoch=31 batch=275 global_step=9450 loss_reg_months=2.8274 lr=0.00001085 grad_norm=1.5361 throughput=18.91 img/s eta_seconds=419.4 gpu_alloc=485.7MiB gpu_reserved=4426.0MiB skipped_batches=0
2026-08-18 12:19:34,705 | INFO | epoch=31 batch=300 global_step=9459 loss_reg_months=2.7933 lr=0.00001085 grad_norm=1.7592 throughput=18.88 img/s eta_seconds=404.0 gpu_alloc=376.7MiB gpu_reserved=4426.0MiB skipped_batches=0
2026-08-18 12:19:50,559 | INFO | epoch=31 batch=325 global_step=9467 loss_reg_months=2.8167 lr=0.00001085 grad_norm=1.4299 throughput=18.89 img/s eta_seconds=388.1 gpu_alloc=485.7MiB gpu_reserved=4426.0MiB skipped_batches=0
2026-08-18 12:20:06,492 | INFO | epoch=31 batch=350 global_step=9475 loss_reg_months=2.8340 lr=0.00001085 grad_norm=1.5027 throughput=18.88 img/s eta_seconds=372.3 gpu_alloc=485.7MiB gpu_reserved=4426.0MiB skipped_batches=0
2026-08-18 12:20:22,222 | INFO | epoch=31 batch=375 global_step=9484 loss_reg_months=2.8526 lr=0.00001085 grad_norm=1.5290 throughput=18.89 img/s eta_seconds=356.1 gpu_alloc=376.7MiB gpu_reserved=4426.0MiB skipped_batches=0
2026-08-18 12:20:38,025 | INFO | epoch=31 batch=400 global_step=9492 loss_reg_months=2.8374 lr=0.00001085 grad_norm=1.3187 throughput=18.90 img/s eta_seconds=340.2 gpu_alloc=485.7MiB gpu_reserved=4426.0MiB skipped_batches=0
2026-08-18 12:21:00,160 | INFO | epoch=31 batch=425 global_step=9500 loss_reg_months=2.8203 lr=0.00001085 grad_norm=1.7964 throughput=18.47 img/s eta_seconds=331.8 gpu_alloc=485.7MiB gpu_reserved=4426.0MiB skipped_batches=0
2026-08-18 12:21:13,815 | INFO | epoch=31 batch=450 global_step=9509 loss_reg_months=2.8343 lr=0.00001085 grad_norm=1.4330 throughput=18.64 img/s eta_seconds=312.8 gpu_alloc=376.7MiB gpu_reserved=4426.0MiB skipped_batches=0
2026-08-18 12:21:29,852 | INFO | epoch=31 batch=475 global_step=9517 loss_reg_months=2.8298 lr=0.00001085 grad_norm=1.5807 throughput=18.64 img/s eta_seconds=296.6 gpu_alloc=485.7MiB gpu_reserved=4426.0MiB skipped_batches=0
2026-08-18 12:21:46,216 | INFO | epoch=31 batch=500 global_step=9525 loss_reg_months=2.8219 lr=0.00001085 grad_norm=1.7510 throughput=18.62 img/s eta_seconds=280.8 gpu_alloc=485.7MiB gpu_reserved=4426.0MiB skipped_batches=0
2026-08-18 12:22:02,190 | INFO | epoch=31 batch=525 global_step=9534 loss_reg_months=2.8016 lr=0.00001085 grad_norm=1.4416 throughput=18.63 img/s eta_seconds=264.5 gpu_alloc=376.7MiB gpu_reserved=4426.0MiB skipped_batches=0
2026-08-18 12:22:17,306 | INFO | epoch=31 batch=550 global_step=9542 loss_reg_months=2.8107 lr=0.00001085 grad_norm=1.7697 throughput=18.68 img/s eta_seconds=247.8 gpu_alloc=485.7MiB gpu_reserved=4426.0MiB skipped_batches=0
2026-08-18 12:22:34,435 | INFO | epoch=31 batch=575 global_step=9550 loss_reg_months=2.8029 lr=0.00001085 grad_norm=1.5681 throughput=18.63 img/s eta_seconds=232.4 gpu_alloc=485.7MiB gpu_reserved=4426.0MiB skipped_batches=0
2026-08-18 12:22:50,523 | INFO | epoch=31 batch=600 global_step=9559 loss_reg_months=2.7990 lr=0.00001085 grad_norm=1.3641 throughput=18.63 img/s eta_seconds=216.3 gpu_alloc=376.7MiB gpu_reserved=4426.0MiB skipped_batches=0
2026-08-18 12:23:07,270 | INFO | epoch=31 batch=625 global_step=9567 loss_reg_months=2.7948 lr=0.00001085 grad_norm=1.2883 throughput=18.60 img/s eta_seconds=200.5 gpu_alloc=485.7MiB gpu_reserved=4426.0MiB skipped_batches=0
2026-08-18 12:23:23,131 | INFO | epoch=31 batch=650 global_step=9575 loss_reg_months=2.8102 lr=0.00001085 grad_norm=1.3678 throughput=18.61 img/s eta_seconds=184.2 gpu_alloc=485.7MiB gpu_reserved=4426.0MiB skipped_batches=0
2026-08-18 12:23:38,228 | INFO | epoch=31 batch=675 global_step=9584 loss_reg_months=2.8210 lr=0.00001085 grad_norm=1.4206 throughput=18.66 img/s eta_seconds=167.7 gpu_alloc=376.7MiB gpu_reserved=4426.0MiB skipped_batches=0
2026-08-18 12:23:53,571 | INFO | epoch=31 batch=700 global_step=9592 loss_reg_months=2.8206 lr=0.00001085 grad_norm=1.6461 throughput=18.69 img/s eta_seconds=151.4 gpu_alloc=485.7MiB gpu_reserved=4426.0MiB skipped_batches=0
2026-08-18 12:24:12,043 | INFO | epoch=31 batch=725 global_step=9600 loss_reg_months=2.8196 lr=0.00001085 grad_norm=1.2105 throughput=18.59 img/s eta_seconds=136.0 gpu_alloc=485.7MiB gpu_reserved=4426.0MiB skipped_batches=0
2026-08-18 12:24:27,467 | INFO | epoch=31 batch=750 global_step=9609 loss_reg_months=2.8002 lr=0.00001085 grad_norm=1.8492 throughput=18.62 img/s eta_seconds=119.7 gpu_alloc=376.7MiB gpu_reserved=4426.0MiB skipped_batches=0
2026-08-18 12:24:44,877 | INFO | epoch=31 batch=775 global_step=9617 loss_reg_months=2.7965 lr=0.00001085 grad_norm=1.8545 throughput=18.57 img/s eta_seconds=103.9 gpu_alloc=485.7MiB gpu_reserved=4426.0MiB skipped_batches=0
2026-08-18 12:25:00,220 | INFO | epoch=31 batch=800 global_step=9625 loss_reg_months=2.7896 lr=0.00001085 grad_norm=1.2593 throughput=18.60 img/s eta_seconds=87.6 gpu_alloc=485.7MiB gpu_reserved=4426.0MiB skipped_batches=0
2026-08-18 12:25:16,727 | INFO | epoch=31 batch=825 global_step=9634 loss_reg_months=2.8000 lr=0.00001085 grad_norm=1.6683 throughput=18.59 img/s eta_seconds=71.5 gpu_alloc=376.7MiB gpu_reserved=4426.0MiB skipped_batches=0
2026-08-18 12:25:32,589 | INFO | epoch=31 batch=850 global_step=9642 loss_reg_months=2.8015 lr=0.00001085 grad_norm=1.3145 throughput=18.60 img/s eta_seconds=55.3 gpu_alloc=485.7MiB gpu_reserved=4426.0MiB skipped_batches=0
2026-08-18 12:25:48,736 | INFO | epoch=31 batch=875 global_step=9650 loss_reg_months=2.8060 lr=0.00001085 grad_norm=1.9825 throughput=18.59 img/s eta_seconds=39.2 gpu_alloc=485.7MiB gpu_reserved=4426.0MiB skipped_batches=0
2026-08-18 12:26:08,625 | INFO | epoch=31 batch=900 global_step=9659 loss_reg_months=2.7963 lr=0.00001085 grad_norm=1.5985 throughput=18.48 img/s eta_seconds=23.2 gpu_alloc=376.7MiB gpu_reserved=4426.0MiB skipped_batches=0
2026-08-18 12:26:23,542 | INFO | epoch=31 batch=925 global_step=9667 loss_reg_months=2.7965 lr=0.00001085 grad_norm=2.0270 throughput=18.52 img/s eta_seconds=7.0 gpu_alloc=485.7MiB gpu_reserved=4426.0MiB skipped_batches=0
2026-08-18 12:28:29,606 | WARNING | STABILITY WARNING [CAM] Validation MAE xấu đi trong khi train loss giảm
2026-08-18 12:28:29,607 | INFO | 
TRAINING REVIEW SNAPSHOT
Run ID / config hash / split hash: P7_FINAL_V3_FOLD_3 / 9d99f003f905 / 7822a5f81361+092347b08ac2
Epoch / global step: 31 / 9671
Train loss: 2.7971
Validation MAE / RMSE / median AE: 6.5197 / 8.7866 / 4.9688
MAE nam / nữ / age bins: {'F': 6.733002041213064, 'M': 6.339342948717949} / {'120-179': 6.199058219178082, '60-119': 7.698010631443299, '0-59': 5.552025139664805, '180-228': 5.600101626016261}
Learning rate / peak VRAM: 0.00001085 / 4426.0 MiB
Best epoch / best MAE / epochs không cải thiện: 28 / 6.4115 / 3
Cảnh báo hiện tại: CAM: Validation MAE xấu đi trong khi train loss giảm
Checkpoint gần nhất: /content/p7_v3/runs/P7_FINAL_V3_FOLD_3/last.ckpt
Checkpoint tốt nhất: /content/p7_v3/runs/P7_FINAL_V3_FOLD_3/best_mae.ckpt
Đề xuất tự động: THEO DÕI
2026-08-18 12:28:57,736 | INFO | epoch=32 batch=25 global_step=9679 loss_reg_months=2.5530 lr=0.00000734 grad_norm=1.3896 throughput=15.55 img/s eta_seconds=702.8 gpu_alloc=485.7MiB gpu_reserved=4426.0MiB skipped_batches=0
2026-08-18 12:29:13,427 | INFO | epoch=32 batch=50 global_step=9687 loss_reg_months=2.6936 lr=0.00000734 grad_norm=1.5996 throughput=17.15 img/s eta_seconds=619.8 gpu_alloc=485.7MiB gpu_reserved=4426.0MiB skipped_batches=0
2026-08-18 12:29:29,122 | INFO | epoch=32 batch=75 global_step=9696 loss_reg_months=2.7699 lr=0.00000734 grad_norm=1.6047 throughput=17.76 img/s eta_seconds=581.6 gpu_alloc=376.7MiB gpu_reserved=4426.0MiB skipped_batches=0
2026-08-18 12:29:43,299 | INFO | epoch=32 batch=100 global_step=9704 loss_reg_months=2.8087 lr=0.00000734 grad_norm=1.4520 throughput=18.50 img/s eta_seconds=542.1 gpu_alloc=485.7MiB gpu_reserved=4426.0MiB skipped_batches=0
2026-08-18 12:30:00,170 | INFO | epoch=32 batch=125 global_step=9712 loss_reg_months=2.9283 lr=0.00000734 grad_norm=1.7507 throughput=18.35 img/s eta_seconds=530.1 gpu_alloc=485.7MiB gpu_reserved=4426.0MiB skipped_batches=0
2026-08-18 12:30:16,128 | INFO | epoch=32 batch=150 global_step=9721 loss_reg_months=2.9534 lr=0.00000734 grad_norm=1.2291 throughput=18.43 img/s eta_seconds=511.7 gpu_alloc=376.7MiB gpu_reserved=4426.0MiB skipped_batches=0
2026-08-18 12:30:31,455 | INFO | epoch=32 batch=175 global_step=9729 loss_reg_months=2.8944 lr=0.00000734 grad_norm=1.6465 throughput=18.58 img/s eta_seconds=491.3 gpu_alloc=485.7MiB gpu_reserved=4426.0MiB skipped_batches=0
2026-08-18 12:30:46,683 | INFO | epoch=32 batch=200 global_step=9737 loss_reg_months=2.8902 lr=0.00000734 grad_norm=1.4378 throughput=18.71 img/s eta_seconds=471.8 gpu_alloc=485.7MiB gpu_reserved=4426.0MiB skipped_batches=0
2026-08-18 12:31:03,103 | INFO | epoch=32 batch=225 global_step=9746 loss_reg_months=2.8260 lr=0.00000734 grad_norm=1.4340 throughput=18.66 img/s eta_seconds=457.0 gpu_alloc=376.7MiB gpu_reserved=4426.0MiB skipped_batches=0
2026-08-18 12:31:20,233 | INFO | epoch=32 batch=250 global_step=9754 loss_reg_months=2.8122 lr=0.00000734 grad_norm=1.9144 throughput=18.54 img/s eta_seconds=443.8 gpu_alloc=485.7MiB gpu_reserved=4426.0MiB skipped_batches=0
2026-08-18 12:31:35,994 | INFO | epoch=32 batch=275 global_step=9762 loss_reg_months=2.7921 lr=0.00000734 grad_norm=1.4584 throughput=18.59 img/s eta_seconds=426.6 gpu_alloc=485.7MiB gpu_reserved=4426.0MiB skipped_batches=0
2026-08-18 12:31:52,422 | INFO | epoch=32 batch=300 global_step=9771 loss_reg_months=2.7843 lr=0.00000734 grad_norm=2.0138 throughput=18.56 img/s eta_seconds=411.1 gpu_alloc=376.7MiB gpu_reserved=4426.0MiB skipped_batches=0
2026-08-18 12:32:08,217 | INFO | epoch=32 batch=325 global_step=9779 loss_reg_months=2.7701 lr=0.00000734 grad_norm=1.6482 throughput=18.59 img/s eta_seconds=394.2 gpu_alloc=485.7MiB gpu_reserved=4426.0MiB skipped_batches=0
2026-08-18 12:32:24,377 | INFO | epoch=32 batch=350 global_step=9787 loss_reg_months=2.7584 lr=0.00000734 grad_norm=1.8031 throughput=18.59 img/s eta_seconds=378.1 gpu_alloc=485.7MiB gpu_reserved=4426.0MiB skipped_batches=0
2026-08-18 12:32:39,433 | INFO | epoch=32 batch=375 global_step=9796 loss_reg_months=2.7625 lr=0.00000734 grad_norm=1.3446 throughput=18.67 img/s eta_seconds=360.4 gpu_alloc=376.7MiB gpu_reserved=4426.0MiB skipped_batches=0
2026-08-18 12:32:57,118 | INFO | epoch=32 batch=400 global_step=9804 loss_reg_months=2.7458 lr=0.00000734 grad_norm=1.3055 throughput=18.56 img/s eta_seconds=346.5 gpu_alloc=485.7MiB gpu_reserved=4426.0MiB skipped_batches=0
2026-08-18 12:33:11,822 | INFO | epoch=32 batch=425 global_step=9812 loss_reg_months=2.7456 lr=0.00000734 grad_norm=1.4213 throughput=18.66 img/s eta_seconds=328.5 gpu_alloc=485.7MiB gpu_reserved=4426.0MiB skipped_batches=0
2026-08-18 12:33:26,314 | INFO | epoch=32 batch=450 global_step=9821 loss_reg_months=2.7406 lr=0.00000734 grad_norm=1.6903 throughput=18.76 img/s eta_seconds=310.7 gpu_alloc=376.7MiB gpu_reserved=4426.0MiB skipped_batches=0
2026-08-18 12:33:42,227 | INFO | epoch=32 batch=475 global_step=9829 loss_reg_months=2.7383 lr=0.00000734 grad_norm=1.2073 throughput=18.76 img/s eta_seconds=294.7 gpu_alloc=485.7MiB gpu_reserved=4426.0MiB skipped_batches=0
2026-08-18 12:33:58,554 | INFO | epoch=32 batch=500 global_step=9837 loss_reg_months=2.7411 lr=0.00000734 grad_norm=1.4697 throughput=18.74 img/s eta_seconds=279.0 gpu_alloc=485.7MiB gpu_reserved=4426.0MiB skipped_batches=0
2026-08-18 12:34:15,436 | INFO | epoch=32 batch=525 global_step=9846 loss_reg_months=2.7467 lr=0.00000734 grad_norm=1.7386 throughput=18.69 img/s eta_seconds=263.7 gpu_alloc=376.7MiB gpu_reserved=4426.0MiB skipped_batches=0
2026-08-18 12:34:31,507 | INFO | epoch=32 batch=550 global_step=9854 loss_reg_months=2.7619 lr=0.00000734 grad_norm=1.4998 throughput=18.69 img/s eta_seconds=247.6 gpu_alloc=485.7MiB gpu_reserved=4426.0MiB skipped_batches=0
2026-08-18 12:34:47,414 | INFO | epoch=32 batch=575 global_step=9862 loss_reg_months=2.7584 lr=0.00000734 grad_norm=1.5177 throughput=18.70 img/s eta_seconds=231.5 gpu_alloc=485.7MiB gpu_reserved=4426.0MiB skipped_batches=0
2026-08-18 12:35:03,497 | INFO | epoch=32 batch=600 global_step=9871 loss_reg_months=2.7508 lr=0.00000734 grad_norm=1.6148 throughput=18.70 img/s eta_seconds=215.5 gpu_alloc=376.7MiB gpu_reserved=4426.0MiB skipped_batches=0
2026-08-18 12:35:19,299 | INFO | epoch=32 batch=625 global_step=9879 loss_reg_months=2.7523 lr=0.00000734 grad_norm=1.5949 throughput=18.71 img/s eta_seconds=199.3 gpu_alloc=485.7MiB gpu_reserved=4426.0MiB skipped_batches=0
2026-08-18 12:35:35,672 | INFO | epoch=32 batch=650 global_step=9887 loss_reg_months=2.7498 lr=0.00000734 grad_norm=1.8822 throughput=18.69 img/s eta_seconds=183.4 gpu_alloc=485.7MiB gpu_reserved=4426.0MiB skipped_batches=0
2026-08-18 12:35:51,882 | INFO | epoch=32 batch=675 global_step=9896 loss_reg_months=2.7517 lr=0.00000734 grad_norm=1.5784 throughput=18.69 img/s eta_seconds=167.4 gpu_alloc=376.7MiB gpu_reserved=4426.0MiB skipped_batches=0
2026-08-18 12:36:08,846 | INFO | epoch=32 batch=700 global_step=9904 loss_reg_months=2.7495 lr=0.00000734 grad_norm=1.6180 throughput=18.65 img/s eta_seconds=151.7 gpu_alloc=485.7MiB gpu_reserved=4426.0MiB skipped_batches=0
2026-08-18 12:36:29,754 | INFO | epoch=32 batch=725 global_step=9912 loss_reg_months=2.7476 lr=0.00000734 grad_norm=1.9769 throughput=18.46 img/s eta_seconds=137.0 gpu_alloc=485.7MiB gpu_reserved=4426.0MiB skipped_batches=0
2026-08-18 12:36:45,400 | INFO | epoch=32 batch=750 global_step=9921 loss_reg_months=2.7436 lr=0.00000734 grad_norm=2.0181 throughput=18.48 img/s eta_seconds=120.6 gpu_alloc=376.7MiB gpu_reserved=4426.0MiB skipped_batches=0
2026-08-18 12:37:04,569 | INFO | epoch=32 batch=775 global_step=9929 loss_reg_months=2.7410 lr=0.00000734 grad_norm=2.1174 throughput=18.37 img/s eta_seconds=105.0 gpu_alloc=485.7MiB gpu_reserved=4426.0MiB skipped_batches=0
2026-08-18 12:37:22,312 | INFO | epoch=32 batch=800 global_step=9937 loss_reg_months=2.7412 lr=0.00000734 grad_norm=1.5367 throughput=18.33 img/s eta_seconds=88.9 gpu_alloc=485.7MiB gpu_reserved=4426.0MiB skipped_batches=0
2026-08-18 12:37:38,930 | INFO | epoch=32 batch=825 global_step=9946 loss_reg_months=2.7323 lr=0.00000734 grad_norm=1.7364 throughput=18.32 img/s eta_seconds=72.6 gpu_alloc=376.7MiB gpu_reserved=4426.0MiB skipped_batches=0
2026-08-18 12:37:55,125 | INFO | epoch=32 batch=850 global_step=9954 loss_reg_months=2.7279 lr=0.00000734 grad_norm=1.5399 throughput=18.32 img/s eta_seconds=56.2 gpu_alloc=485.7MiB gpu_reserved=4426.0MiB skipped_batches=0
2026-08-18 12:38:10,464 | INFO | epoch=32 batch=875 global_step=9962 loss_reg_months=2.7289 lr=0.00000734 grad_norm=1.5484 throughput=18.36 img/s eta_seconds=39.7 gpu_alloc=485.7MiB gpu_reserved=4426.0MiB skipped_batches=0
2026-08-18 12:38:26,097 | INFO | epoch=32 batch=900 global_step=9971 loss_reg_months=2.7250 lr=0.00000734 grad_norm=1.4053 throughput=18.38 img/s eta_seconds=23.3 gpu_alloc=376.7MiB gpu_reserved=4426.0MiB skipped_batches=0
2026-08-18 12:38:41,552 | INFO | epoch=32 batch=925 global_step=9979 loss_reg_months=2.7336 lr=0.00000734 grad_norm=1.6811 throughput=18.40 img/s eta_seconds=7.0 gpu_alloc=485.7MiB gpu_reserved=4426.0MiB skipped_batches=0
2026-08-18 12:40:46,525 | WARNING | STABILITY WARNING [CAM] Prediction vượt nhẹ miền tuổi 0–228: [5.73, 228.12]
2026-08-18 12:40:46,528 | WARNING | STABILITY WARNING [CAM] Validation MAE xấu đi trong khi train loss giảm
2026-08-18 12:40:46,528 | INFO | 
TRAINING REVIEW SNAPSHOT
Run ID / config hash / split hash: P7_FINAL_V3_FOLD_3 / 9d99f003f905 / 7822a5f81361+092347b08ac2
Epoch / global step: 32 / 9983
Train loss: 2.7313
Validation MAE / RMSE / median AE: 6.4923 / 8.7477 / 4.9375
MAE nam / nữ / age bins: {'F': 6.695531201399689, 'M': 6.320451183431953} / {'120-179': 6.1390488792029885, '60-119': 7.711622100515464, '0-59': 5.605883379888268, '180-228': 5.597052845528455}
Learning rate / peak VRAM: 0.00000734 / 4426.0 MiB
Best epoch / best MAE / epochs không cải thiện: 28 / 6.4115 / 4
Cảnh báo hiện tại: CAM: Prediction vượt nhẹ miền tuổi 0–228: [5.73, 228.12] | CAM: Validation MAE xấu đi trong khi train loss giảm
Checkpoint gần nhất: /content/p7_v3/runs/P7_FINAL_V3_FOLD_3/last.ckpt
Checkpoint tốt nhất: /content/p7_v3/runs/P7_FINAL_V3_FOLD_3/best_mae.ckpt
Đề xuất tự động: THEO DÕI
2026-08-18 12:41:11,736 | INFO | epoch=33 batch=25 global_step=9991 loss_reg_months=2.6795 lr=0.00000459 grad_norm=1.4601 throughput=16.47 img/s eta_seconds=663.4 gpu_alloc=485.7MiB gpu_reserved=4426.0MiB skipped_batches=0
2026-08-18 12:41:27,631 | INFO | epoch=33 batch=50 global_step=9999 loss_reg_months=2.4903 lr=0.00000459 grad_norm=1.4722 throughput=17.59 img/s eta_seconds=604.2 gpu_alloc=485.7MiB gpu_reserved=4426.0MiB skipped_batches=0
2026-08-18 12:41:44,877 | INFO | epoch=33 batch=75 global_step=10008 loss_reg_months=2.5139 lr=0.00000459 grad_norm=1.5611 throughput=17.53 img/s eta_seconds=589.4 gpu_alloc=376.7MiB gpu_reserved=4426.0MiB skipped_batches=0
2026-08-18 12:42:00,331 | INFO | epoch=33 batch=100 global_step=10016 loss_reg_months=2.5003 lr=0.00000459 grad_norm=1.4736 throughput=17.96 img/s eta_seconds=558.3 gpu_alloc=485.7MiB gpu_reserved=4426.0MiB skipped_batches=0
2026-08-18 12:42:17,083 | INFO | epoch=33 batch=125 global_step=10024 loss_reg_months=2.5740 lr=0.00000459 grad_norm=1.7502 throughput=17.95 img/s eta_seconds=542.0 gpu_alloc=485.7MiB gpu_reserved=4426.0MiB skipped_batches=0
2026-08-18 12:42:32,664 | INFO | epoch=33 batch=150 global_step=10033 loss_reg_months=2.5753 lr=0.00000459 grad_norm=1.3432 throughput=18.16 img/s eta_seconds=519.3 gpu_alloc=376.7MiB gpu_reserved=4426.0MiB skipped_batches=0
2026-08-18 12:42:48,578 | INFO | epoch=33 batch=175 global_step=10041 loss_reg_months=2.6097 lr=0.00000459 grad_norm=1.3370 throughput=18.25 img/s eta_seconds=500.1 gpu_alloc=485.7MiB gpu_reserved=4426.0MiB skipped_batches=0
2026-08-18 12:43:04,440 | INFO | epoch=33 batch=200 global_step=10049 loss_reg_months=2.6277 lr=0.00000459 grad_norm=1.5193 throughput=18.33 img/s eta_seconds=481.6 gpu_alloc=485.7MiB gpu_reserved=4426.0MiB skipped_batches=0
2026-08-18 12:43:21,754 | INFO | epoch=33 batch=225 global_step=10058 loss_reg_months=2.6220 lr=0.00000459 grad_norm=1.6051 throughput=18.22 img/s eta_seconds=468.2 gpu_alloc=376.7MiB gpu_reserved=4426.0MiB skipped_batches=0
2026-08-18 12:43:38,115 | INFO | epoch=33 batch=250 global_step=10066 loss_reg_months=2.6217 lr=0.00000459 grad_norm=1.3106 throughput=18.23 img/s eta_seconds=451.5 gpu_alloc=485.7MiB gpu_reserved=4426.0MiB skipped_batches=0
2026-08-18 12:43:54,288 | INFO | epoch=33 batch=275 global_step=10074 loss_reg_months=2.6293 lr=0.00000459 grad_norm=1.4585 throughput=18.26 img/s eta_seconds=434.3 gpu_alloc=485.7MiB gpu_reserved=4426.0MiB skipped_batches=0
2026-08-18 12:44:10,103 | INFO | epoch=33 batch=300 global_step=10083 loss_reg_months=2.6502 lr=0.00000459 grad_norm=1.5119 throughput=18.31 img/s eta_seconds=416.6 gpu_alloc=376.7MiB gpu_reserved=4426.0MiB skipped_batches=0
2026-08-18 12:44:26,255 | INFO | epoch=33 batch=325 global_step=10091 loss_reg_months=2.6775 lr=0.00000459 grad_norm=1.8604 throughput=18.33 img/s eta_seconds=399.8 gpu_alloc=485.7MiB gpu_reserved=4426.0MiB skipped_batches=0
2026-08-18 12:44:41,753 | INFO | epoch=33 batch=350 global_step=10099 loss_reg_months=2.6952 lr=0.00000459 grad_norm=1.1424 throughput=18.40 img/s eta_seconds=382.0 gpu_alloc=485.7MiB gpu_reserved=4426.0MiB skipped_batches=0
2026-08-18 12:44:57,293 | INFO | epoch=33 batch=375 global_step=10108 loss_reg_months=2.7185 lr=0.00000459 grad_norm=1.4080 throughput=18.46 img/s eta_seconds=364.5 gpu_alloc=376.7MiB gpu_reserved=4426.0MiB skipped_batches=0
2026-08-18 12:45:13,675 | INFO | epoch=33 batch=400 global_step=10116 loss_reg_months=2.7136 lr=0.00000459 grad_norm=1.9935 throughput=18.45 img/s eta_seconds=348.4 gpu_alloc=485.7MiB gpu_reserved=4426.0MiB skipped_batches=0
2026-08-18 12:45:29,296 | INFO | epoch=33 batch=425 global_step=10124 loss_reg_months=2.7080 lr=0.00000459 grad_norm=1.4688 throughput=18.49 img/s eta_seconds=331.4 gpu_alloc=485.7MiB gpu_reserved=4426.0MiB skipped_batches=0
2026-08-18 12:45:44,258 | INFO | epoch=33 batch=450 global_step=10133 loss_reg_months=2.7022 lr=0.00000459 grad_norm=1.5505 throughput=18.57 img/s eta_seconds=313.8 gpu_alloc=376.7MiB gpu_reserved=4426.0MiB skipped_batches=0
2026-08-18 12:46:00,204 | INFO | epoch=33 batch=475 global_step=10141 loss_reg_months=2.6958 lr=0.00000459 grad_norm=1.5633 throughput=18.59 img/s eta_seconds=297.5 gpu_alloc=485.7MiB gpu_reserved=4426.0MiB skipped_batches=0
2026-08-18 12:46:16,169 | INFO | epoch=33 batch=500 global_step=10149 loss_reg_months=2.6948 lr=0.00000459 grad_norm=1.3277 throughput=18.60 img/s eta_seconds=281.2 gpu_alloc=485.7MiB gpu_reserved=4426.0MiB skipped_batches=0
2026-08-18 12:46:34,648 | INFO | epoch=33 batch=525 global_step=10158 loss_reg_months=2.7030 lr=0.00000459 grad_norm=1.8409 throughput=18.47 img/s eta_seconds=266.9 gpu_alloc=376.7MiB gpu_reserved=4426.0MiB skipped_batches=0
2026-08-18 12:46:48,460 | INFO | epoch=33 batch=550 global_step=10166 loss_reg_months=2.6933 lr=0.00000459 grad_norm=1.6313 throughput=18.59 img/s eta_seconds=248.9 gpu_alloc=485.7MiB gpu_reserved=4426.0MiB skipped_batches=0
2026-08-18 12:47:04,759 | INFO | epoch=33 batch=575 global_step=10174 loss_reg_months=2.7048 lr=0.00000459 grad_norm=1.5776 throughput=18.59 img/s eta_seconds=232.9 gpu_alloc=485.7MiB gpu_reserved=4426.0MiB skipped_batches=0
2026-08-18 12:47:19,982 | INFO | epoch=33 batch=600 global_step=10183 loss_reg_months=2.6861 lr=0.00000459 grad_norm=1.3704 throughput=18.63 img/s eta_seconds=216.3 gpu_alloc=376.7MiB gpu_reserved=4426.0MiB skipped_batches=0
2026-08-18 12:47:36,227 | INFO | epoch=33 batch=625 global_step=10191 loss_reg_months=2.6842 lr=0.00000459 grad_norm=1.8709 throughput=18.62 img/s eta_seconds=200.2 gpu_alloc=485.7MiB gpu_reserved=4426.0MiB skipped_batches=0
2026-08-18 12:47:52,449 | INFO | epoch=33 batch=650 global_step=10199 loss_reg_months=2.6846 lr=0.00000459 grad_norm=1.4066 throughput=18.62 img/s eta_seconds=184.2 gpu_alloc=485.7MiB gpu_reserved=4426.0MiB skipped_batches=0
2026-08-18 12:48:08,251 | INFO | epoch=33 batch=675 global_step=10208 loss_reg_months=2.6755 lr=0.00000459 grad_norm=1.7519 throughput=18.63 img/s eta_seconds=167.9 gpu_alloc=376.7MiB gpu_reserved=4426.0MiB skipped_batches=0
2026-08-18 12:48:24,769 | INFO | epoch=33 batch=700 global_step=10216 loss_reg_months=2.6612 lr=0.00000459 grad_norm=1.4940 throughput=18.62 img/s eta_seconds=152.0 gpu_alloc=485.7MiB gpu_reserved=4426.0MiB skipped_batches=0
2026-08-18 12:48:39,657 | INFO | epoch=33 batch=725 global_step=10224 loss_reg_months=2.6640 lr=0.00000459 grad_norm=1.6509 throughput=18.66 img/s eta_seconds=135.5 gpu_alloc=485.7MiB gpu_reserved=4426.0MiB skipped_batches=0
2026-08-18 12:48:54,888 | INFO | epoch=33 batch=750 global_step=10233 loss_reg_months=2.6681 lr=0.00000459 grad_norm=1.4019 throughput=18.70 img/s eta_seconds=119.2 gpu_alloc=376.7MiB gpu_reserved=4426.0MiB skipped_batches=0
2026-08-18 12:49:11,002 | INFO | epoch=33 batch=775 global_step=10241 loss_reg_months=2.6744 lr=0.00000459 grad_norm=1.6450 throughput=18.69 img/s eta_seconds=103.2 gpu_alloc=485.7MiB gpu_reserved=4426.0MiB skipped_batches=0
2026-08-18 12:49:27,268 | INFO | epoch=33 batch=800 global_step=10249 loss_reg_months=2.6821 lr=0.00000459 grad_norm=1.5934 throughput=18.69 img/s eta_seconds=87.2 gpu_alloc=485.7MiB gpu_reserved=4426.0MiB skipped_batches=0
2026-08-18 12:49:44,866 | INFO | epoch=33 batch=825 global_step=10258 loss_reg_months=2.6789 lr=0.00000459 grad_norm=2.0793 throughput=18.63 img/s eta_seconds=71.3 gpu_alloc=376.7MiB gpu_reserved=4426.0MiB skipped_batches=0
2026-08-18 12:49:59,636 | INFO | epoch=33 batch=850 global_step=10266 loss_reg_months=2.6789 lr=0.00000459 grad_norm=1.5454 throughput=18.68 img/s eta_seconds=55.1 gpu_alloc=485.7MiB gpu_reserved=4426.0MiB skipped_batches=0
2026-08-18 12:50:15,264 | INFO | epoch=33 batch=875 global_step=10274 loss_reg_months=2.6825 lr=0.00000459 grad_norm=1.6420 throughput=18.69 img/s eta_seconds=39.0 gpu_alloc=485.7MiB gpu_reserved=4426.0MiB skipped_batches=0
2026-08-18 12:50:31,218 | INFO | epoch=33 batch=900 global_step=10283 loss_reg_months=2.6863 lr=0.00000459 grad_norm=1.3945 throughput=18.70 img/s eta_seconds=22.9 gpu_alloc=376.7MiB gpu_reserved=4426.0MiB skipped_batches=0
2026-08-18 12:50:46,238 | INFO | epoch=33 batch=925 global_step=10291 loss_reg_months=2.6887 lr=0.00000459 grad_norm=1.7835 throughput=18.73 img/s eta_seconds=6.9 gpu_alloc=485.7MiB gpu_reserved=4426.0MiB skipped_batches=0
2026-08-18 12:52:51,426 | WARNING | STABILITY WARNING [CAM] Validation MAE xấu đi trong khi train loss giảm
2026-08-18 12:52:51,427 | INFO | 
TRAINING REVIEW SNAPSHOT
Run ID / config hash / split hash: P7_FINAL_V3_FOLD_3 / 9d99f003f905 / 7822a5f81361+092347b08ac2
Epoch / global step: 33 / 10295
Train loss: 2.6911
Validation MAE / RMSE / median AE: 6.5013 / 8.7477 / 4.9062
MAE nam / nữ / age bins: {'F': 6.692068429237947, 'M': 6.3400569115713346} / {'120-179': 6.2678237858032375, '60-119': 7.505557345360825, '0-59': 5.575637220670391, '180-228': 5.53150406504065}
Learning rate / peak VRAM: 0.00000459 / 4426.0 MiB
Best epoch / best MAE / epochs không cải thiện: 28 / 6.4115 / 5
Cảnh báo hiện tại: CAM: Validation MAE xấu đi trong khi train loss giảm
Checkpoint gần nhất: /content/p7_v3/runs/P7_FINAL_V3_FOLD_3/last.ckpt
Checkpoint tốt nhất: /content/p7_v3/runs/P7_FINAL_V3_FOLD_3/best_mae.ckpt
Đề xuất tự động: THEO DÕI
2026-08-18 12:53:11,777 | INFO | epoch=34 batch=25 global_step=10303 loss_reg_months=2.6995 lr=0.00000260 grad_norm=1.4139 throughput=16.54 img/s eta_seconds=660.6 gpu_alloc=485.7MiB gpu_reserved=4426.0MiB skipped_batches=0
2026-08-18 12:53:27,790 | INFO | epoch=34 batch=50 global_step=10311 loss_reg_months=2.8133 lr=0.00000260 grad_norm=1.3973 throughput=17.57 img/s eta_seconds=604.9 gpu_alloc=485.7MiB gpu_reserved=4426.0MiB skipped_batches=0
2026-08-18 12:53:43,392 | INFO | epoch=34 batch=75 global_step=10320 loss_reg_months=2.6881 lr=0.00000260 grad_norm=1.5494 throughput=18.09 img/s eta_seconds=571.0 gpu_alloc=376.7MiB gpu_reserved=4426.0MiB skipped_batches=0
2026-08-18 12:53:59,179 | INFO | epoch=34 batch=100 global_step=10328 loss_reg_months=2.6341 lr=0.00000260 grad_norm=1.5156 throughput=18.31 img/s eta_seconds=547.7 gpu_alloc=485.7MiB gpu_reserved=4426.0MiB skipped_batches=0
2026-08-18 12:54:16,688 | INFO | epoch=34 batch=125 global_step=10336 loss_reg_months=2.5867 lr=0.00000260 grad_norm=1.6017 throughput=18.06 img/s eta_seconds=538.6 gpu_alloc=485.7MiB gpu_reserved=4426.0MiB skipped_batches=0
2026-08-18 12:54:32,002 | INFO | epoch=34 batch=150 global_step=10345 loss_reg_months=2.5757 lr=0.00000260 grad_norm=1.3545 throughput=18.30 img/s eta_seconds=515.2 gpu_alloc=376.7MiB gpu_reserved=4426.0MiB skipped_batches=0
2026-08-18 12:54:48,161 | INFO | epoch=34 batch=175 global_step=10353 loss_reg_months=2.6091 lr=0.00000260 grad_norm=1.3136 throughput=18.34 img/s eta_seconds=497.8 gpu_alloc=485.7MiB gpu_reserved=4426.0MiB skipped_batches=0
2026-08-18 12:55:03,066 | INFO | epoch=34 batch=200 global_step=10361 loss_reg_months=2.6316 lr=0.00000260 grad_norm=1.4977 throughput=18.54 img/s eta_seconds=476.1 gpu_alloc=485.7MiB gpu_reserved=4426.0MiB skipped_batches=0
2026-08-18 12:55:19,802 | INFO | epoch=34 batch=225 global_step=10370 loss_reg_months=2.6445 lr=0.00000260 grad_norm=1.6845 throughput=18.47 img/s eta_seconds=461.7 gpu_alloc=376.7MiB gpu_reserved=4426.0MiB skipped_batches=0
2026-08-18 12:55:35,206 | INFO | epoch=34 batch=250 global_step=10378 loss_reg_months=2.6596 lr=0.00000260 grad_norm=1.5925 throughput=18.57 img/s eta_seconds=443.2 gpu_alloc=485.7MiB gpu_reserved=4426.0MiB skipped_batches=0
2026-08-18 12:55:51,195 | INFO | epoch=34 batch=275 global_step=10386 loss_reg_months=2.6415 lr=0.00000260 grad_norm=1.6393 throughput=18.59 img/s eta_seconds=426.6 gpu_alloc=485.7MiB gpu_reserved=4426.0MiB skipped_batches=0
2026-08-18 12:56:06,789 | INFO | epoch=34 batch=300 global_step=10395 loss_reg_months=2.6378 lr=0.00000260 grad_norm=1.2292 throughput=18.64 img/s eta_seconds=409.3 gpu_alloc=376.7MiB gpu_reserved=4426.0MiB skipped_batches=0
2026-08-18 12:56:22,864 | INFO | epoch=34 batch=325 global_step=10403 loss_reg_months=2.6222 lr=0.00000260 grad_norm=1.3879 throughput=18.64 img/s eta_seconds=393.2 gpu_alloc=485.7MiB gpu_reserved=4426.0MiB skipped_batches=0
2026-08-18 12:56:38,439 | INFO | epoch=34 batch=350 global_step=10411 loss_reg_months=2.6654 lr=0.00000260 grad_norm=1.3891 throughput=18.68 img/s eta_seconds=376.2 gpu_alloc=485.7MiB gpu_reserved=4426.0MiB skipped_batches=0
2026-08-18 12:56:53,808 | INFO | epoch=34 batch=375 global_step=10420 loss_reg_months=2.6670 lr=0.00000260 grad_norm=1.5655 throughput=18.74 img/s eta_seconds=359.1 gpu_alloc=376.7MiB gpu_reserved=4426.0MiB skipped_batches=0
2026-08-18 12:57:10,001 | INFO | epoch=34 batch=400 global_step=10428 loss_reg_months=2.6830 lr=0.00000260 grad_norm=1.6486 throughput=18.72 img/s eta_seconds=343.4 gpu_alloc=485.7MiB gpu_reserved=4426.0MiB skipped_batches=0
2026-08-18 12:57:25,540 | INFO | epoch=34 batch=425 global_step=10436 loss_reg_months=2.6672 lr=0.00000260 grad_norm=1.5336 throughput=18.76 img/s eta_seconds=326.8 gpu_alloc=485.7MiB gpu_reserved=4426.0MiB skipped_batches=0
2026-08-18 12:57:41,388 | INFO | epoch=34 batch=450 global_step=10445 loss_reg_months=2.6585 lr=0.00000260 grad_norm=1.3109 throughput=18.77 img/s eta_seconds=310.6 gpu_alloc=376.7MiB gpu_reserved=4426.0MiB skipped_batches=0
2026-08-18 12:58:02,413 | INFO | epoch=34 batch=475 global_step=10453 loss_reg_months=2.6344 lr=0.00000260 grad_norm=1.4761 throughput=18.46 img/s eta_seconds=299.5 gpu_alloc=485.7MiB gpu_reserved=4426.0MiB skipped_batches=0
2026-08-18 12:58:17,658 | INFO | epoch=34 batch=500 global_step=10461 loss_reg_months=2.6441 lr=0.00000260 grad_norm=1.6186 throughput=18.52 img/s eta_seconds=282.4 gpu_alloc=485.7MiB gpu_reserved=4426.0MiB skipped_batches=0
2026-08-18 12:58:33,848 | INFO | epoch=34 batch=525 global_step=10470 loss_reg_months=2.6545 lr=0.00000260 grad_norm=1.5560 throughput=18.52 img/s eta_seconds=266.2 gpu_alloc=376.7MiB gpu_reserved=4426.0MiB skipped_batches=0
2026-08-18 12:58:50,333 | INFO | epoch=34 batch=550 global_step=10478 loss_reg_months=2.6565 lr=0.00000260 grad_norm=1.4392 throughput=18.50 img/s eta_seconds=250.2 gpu_alloc=485.7MiB gpu_reserved=4426.0MiB skipped_batches=0
2026-08-18 12:59:07,124 | INFO | epoch=34 batch=575 global_step=10486 loss_reg_months=2.6533 lr=0.00000260 grad_norm=1.5546 throughput=18.47 img/s eta_seconds=234.3 gpu_alloc=485.7MiB gpu_reserved=4426.0MiB skipped_batches=0
2026-08-18 12:59:22,652 | INFO | epoch=34 batch=600 global_step=10495 loss_reg_months=2.6461 lr=0.00000260 grad_norm=1.5783 throughput=18.51 img/s eta_seconds=217.7 gpu_alloc=376.7MiB gpu_reserved=4426.0MiB skipped_batches=0
2026-08-18 12:59:41,394 | INFO | epoch=34 batch=625 global_step=10503 loss_reg_months=2.6499 lr=0.00000260 grad_norm=1.3120 throughput=18.39 img/s eta_seconds=202.7 gpu_alloc=485.7MiB gpu_reserved=4426.0MiB skipped_batches=0
2026-08-18 12:59:57,337 | INFO | epoch=34 batch=650 global_step=10511 loss_reg_months=2.6664 lr=0.00000260 grad_norm=1.5312 throughput=18.41 img/s eta_seconds=186.3 gpu_alloc=485.7MiB gpu_reserved=4426.0MiB skipped_batches=0
2026-08-18 13:00:13,160 | INFO | epoch=34 batch=675 global_step=10520 loss_reg_months=2.6600 lr=0.00000260 grad_norm=1.7268 throughput=18.43 img/s eta_seconds=169.8 gpu_alloc=376.7MiB gpu_reserved=4426.0MiB skipped_batches=0
2026-08-18 13:00:28,505 | INFO | epoch=34 batch=700 global_step=10528 loss_reg_months=2.6718 lr=0.00000260 grad_norm=1.7481 throughput=18.47 img/s eta_seconds=153.2 gpu_alloc=485.7MiB gpu_reserved=4426.0MiB skipped_batches=0
2026-08-18 13:00:44,193 | INFO | epoch=34 batch=725 global_step=10536 loss_reg_months=2.6708 lr=0.00000260 grad_norm=1.5213 throughput=18.49 img/s eta_seconds=136.8 gpu_alloc=485.7MiB gpu_reserved=4426.0MiB skipped_batches=0
2026-08-18 13:00:59,365 | INFO | epoch=34 batch=750 global_step=10545 loss_reg_months=2.6688 lr=0.00000260 grad_norm=1.5674 throughput=18.53 img/s eta_seconds=120.3 gpu_alloc=376.7MiB gpu_reserved=4426.0MiB skipped_batches=0
2026-08-18 13:01:15,871 | INFO | epoch=34 batch=775 global_step=10553 loss_reg_months=2.6641 lr=0.00000260 grad_norm=1.3009 throughput=18.52 img/s eta_seconds=104.2 gpu_alloc=485.7MiB gpu_reserved=4426.0MiB skipped_batches=0
2026-08-18 13:01:31,580 | INFO | epoch=34 batch=800 global_step=10561 loss_reg_months=2.6593 lr=0.00000260 grad_norm=1.7913 throughput=18.54 img/s eta_seconds=87.9 gpu_alloc=485.7MiB gpu_reserved=4426.0MiB skipped_batches=0
2026-08-18 13:01:48,414 | INFO | epoch=34 batch=825 global_step=10570 loss_reg_months=2.6636 lr=0.00000260 grad_norm=1.4239 throughput=18.51 img/s eta_seconds=71.8 gpu_alloc=376.7MiB gpu_reserved=4426.0MiB skipped_batches=0
2026-08-18 13:02:03,598 | INFO | epoch=34 batch=850 global_step=10578 loss_reg_months=2.6574 lr=0.00000260 grad_norm=1.4832 throughput=18.55 img/s eta_seconds=55.5 gpu_alloc=485.7MiB gpu_reserved=4426.0MiB skipped_batches=0
2026-08-18 13:02:18,981 | INFO | epoch=34 batch=875 global_step=10586 loss_reg_months=2.6627 lr=0.00000260 grad_norm=1.9286 throughput=18.57 img/s eta_seconds=39.3 gpu_alloc=485.7MiB gpu_reserved=4426.0MiB skipped_batches=0
2026-08-18 13:02:35,385 | INFO | epoch=34 batch=900 global_step=10595 loss_reg_months=2.6673 lr=0.00000260 grad_norm=1.6582 throughput=18.56 img/s eta_seconds=23.1 gpu_alloc=376.7MiB gpu_reserved=4426.0MiB skipped_batches=0
2026-08-18 13:02:52,493 | INFO | epoch=34 batch=925 global_step=10603 loss_reg_months=2.6656 lr=0.00000260 grad_norm=1.8264 throughput=18.54 img/s eta_seconds=7.0 gpu_alloc=485.7MiB gpu_reserved=4426.0MiB skipped_batches=0
2026-08-18 13:05:01,289 | WARNING | STABILITY WARNING [CAM] Prediction vượt nhẹ miền tuổi 0–228: [6.54, 228.38]
2026-08-18 13:05:01,293 | INFO | 
TRAINING REVIEW SNAPSHOT
Run ID / config hash / split hash: P7_FINAL_V3_FOLD_3 / 9d99f003f905 / 7822a5f81361+092347b08ac2
Epoch / global step: 34 / 10607
Train loss: 2.6674
Validation MAE / RMSE / median AE: 6.4802 / 8.7235 / 4.9375
MAE nam / nữ / age bins: {'F': 6.665781736003111, 'M': 6.3232967619986855} / {'120-179': 6.15671699875467, '60-119': 7.630194909793815, '0-59': 5.597547136871508, '180-228': 5.6067073170731705}
Learning rate / peak VRAM: 0.00000260 / 4426.0 MiB
Best epoch / best MAE / epochs không cải thiện: 28 / 6.4115 / 6
Cảnh báo hiện tại: CAM: Prediction vượt nhẹ miền tuổi 0–228: [6.54, 228.38]
Checkpoint gần nhất: /content/p7_v3/runs/P7_FINAL_V3_FOLD_3/last.ckpt
Checkpoint tốt nhất: /content/p7_v3/runs/P7_FINAL_V3_FOLD_3/best_mae.ckpt
Đề xuất tự động: THEO DÕI
2026-08-18 13:05:29,311 | INFO | epoch=35 batch=25 global_step=10615 loss_reg_months=2.4841 lr=0.00000140 grad_norm=1.6860 throughput=17.24 img/s eta_seconds=634.1 gpu_alloc=485.7MiB gpu_reserved=4426.0MiB skipped_batches=0
2026-08-18 13:05:45,065 | INFO | epoch=35 batch=50 global_step=10623 loss_reg_months=2.5219 lr=0.00000140 grad_norm=1.3833 throughput=18.09 img/s eta_seconds=587.4 gpu_alloc=485.7MiB gpu_reserved=4426.0MiB skipped_batches=0
2026-08-18 13:06:01,022 | INFO | epoch=35 batch=75 global_step=10632 loss_reg_months=2.6165 lr=0.00000140 grad_norm=1.7335 throughput=18.32 img/s eta_seconds=563.7 gpu_alloc=376.7MiB gpu_reserved=4426.0MiB skipped_batches=0
2026-08-18 13:06:16,960 | INFO | epoch=35 batch=100 global_step=10640 loss_reg_months=2.6138 lr=0.00000140 grad_norm=1.9006 throughput=18.45 img/s eta_seconds=543.7 gpu_alloc=485.7MiB gpu_reserved=4426.0MiB skipped_batches=0
2026-08-18 13:06:32,496 | INFO | epoch=35 batch=125 global_step=10648 loss_reg_months=2.6491 lr=0.00000140 grad_norm=1.2804 throughput=18.61 img/s eta_seconds=522.7 gpu_alloc=485.7MiB gpu_reserved=4426.0MiB skipped_batches=0
2026-08-18 13:06:47,457 | INFO | epoch=35 batch=150 global_step=10657 loss_reg_months=2.6989 lr=0.00000140 grad_norm=1.2923 throughput=18.84 img/s eta_seconds=500.5 gpu_alloc=376.7MiB gpu_reserved=4426.0MiB skipped_batches=0
2026-08-18 13:07:03,485 | INFO | epoch=35 batch=175 global_step=10665 loss_reg_months=2.7275 lr=0.00000140 grad_norm=1.4983 throughput=18.82 img/s eta_seconds=485.1 gpu_alloc=485.7MiB gpu_reserved=4426.0MiB skipped_batches=0
2026-08-18 13:07:18,744 | INFO | epoch=35 batch=200 global_step=10673 loss_reg_months=2.7233 lr=0.00000140 grad_norm=1.7360 throughput=18.92 img/s eta_seconds=466.6 gpu_alloc=485.7MiB gpu_reserved=4426.0MiB skipped_batches=0
2026-08-18 13:07:36,182 | INFO | epoch=35 batch=225 global_step=10682 loss_reg_months=2.6923 lr=0.00000140 grad_norm=1.5864 throughput=18.71 img/s eta_seconds=455.7 gpu_alloc=376.7MiB gpu_reserved=4426.0MiB skipped_batches=0
2026-08-18 13:07:50,955 | INFO | epoch=35 batch=250 global_step=10690 loss_reg_months=2.6744 lr=0.00000140 grad_norm=1.3804 throughput=18.86 img/s eta_seconds=436.3 gpu_alloc=485.7MiB gpu_reserved=4426.0MiB skipped_batches=0
2026-08-18 13:08:10,335 | INFO | epoch=35 batch=275 global_step=10698 loss_reg_months=2.6375 lr=0.00000140 grad_norm=1.3533 throughput=18.49 img/s eta_seconds=428.7 gpu_alloc=485.7MiB gpu_reserved=4426.0MiB skipped_batches=0
2026-08-18 13:08:26,072 | INFO | epoch=35 batch=300 global_step=10707 loss_reg_months=2.6389 lr=0.00000140 grad_norm=2.4138 throughput=18.54 img/s eta_seconds=411.5 gpu_alloc=376.7MiB gpu_reserved=4426.0MiB skipped_batches=0
2026-08-18 13:08:41,689 | INFO | epoch=35 batch=325 global_step=10715 loss_reg_months=2.6412 lr=0.00000140 grad_norm=1.5246 throughput=18.59 img/s eta_seconds=394.2 gpu_alloc=485.7MiB gpu_reserved=4426.0MiB skipped_batches=0
2026-08-18 13:08:57,488 | INFO | epoch=35 batch=350 global_step=10723 loss_reg_months=2.6620 lr=0.00000140 grad_norm=1.7590 throughput=18.62 img/s eta_seconds=377.5 gpu_alloc=485.7MiB gpu_reserved=4426.0MiB skipped_batches=0
2026-08-18 13:09:12,559 | INFO | epoch=35 batch=375 global_step=10732 loss_reg_months=2.6602 lr=0.00000140 grad_norm=1.3451 throughput=18.70 img/s eta_seconds=359.9 gpu_alloc=376.7MiB gpu_reserved=4426.0MiB skipped_batches=0
2026-08-18 13:09:27,924 | INFO | epoch=35 batch=400 global_step=10740 loss_reg_months=2.6519 lr=0.00000140 grad_norm=1.7232 throughput=18.75 img/s eta_seconds=342.9 gpu_alloc=485.7MiB gpu_reserved=4426.0MiB skipped_batches=0
2026-08-18 13:09:43,877 | INFO | epoch=35 batch=425 global_step=10748 loss_reg_months=2.6560 lr=0.00000140 grad_norm=1.8506 throughput=18.75 img/s eta_seconds=326.8 gpu_alloc=485.7MiB gpu_reserved=4426.0MiB skipped_batches=0
2026-08-18 13:09:59,860 | INFO | epoch=35 batch=450 global_step=10757 loss_reg_months=2.6682 lr=0.00000140 grad_norm=1.2282 throughput=18.75 img/s eta_seconds=310.8 gpu_alloc=376.7MiB gpu_reserved=4426.0MiB skipped_batches=0
2026-08-18 13:10:15,740 | INFO | epoch=35 batch=475 global_step=10765 loss_reg_months=2.6624 lr=0.00000140 grad_norm=1.6519 throughput=18.76 img/s eta_seconds=294.7 gpu_alloc=485.7MiB gpu_reserved=4426.0MiB skipped_batches=0
2026-08-18 13:10:32,743 | INFO | epoch=35 batch=500 global_step=10773 loss_reg_months=2.6474 lr=0.00000140 grad_norm=1.4012 throughput=18.70 img/s eta_seconds=279.6 gpu_alloc=485.7MiB gpu_reserved=4426.0MiB skipped_batches=0
2026-08-18 13:10:48,503 | INFO | epoch=35 batch=525 global_step=10782 loss_reg_months=2.6437 lr=0.00000140 grad_norm=1.8544 throughput=18.72 img/s eta_seconds=263.3 gpu_alloc=376.7MiB gpu_reserved=4426.0MiB skipped_batches=0
2026-08-18 13:11:03,958 | INFO | epoch=35 batch=550 global_step=10790 loss_reg_months=2.6487 lr=0.00000140 grad_norm=1.4682 throughput=18.75 img/s eta_seconds=246.9 gpu_alloc=485.7MiB gpu_reserved=4426.0MiB skipped_batches=0
2026-08-18 13:11:20,715 | INFO | epoch=35 batch=575 global_step=10798 loss_reg_months=2.6420 lr=0.00000140 grad_norm=1.6138 throughput=18.71 img/s eta_seconds=231.4 gpu_alloc=485.7MiB gpu_reserved=4426.0MiB skipped_batches=0
2026-08-18 13:11:36,344 | INFO | epoch=35 batch=600 global_step=10807 loss_reg_months=2.6492 lr=0.00000140 grad_norm=1.4046 throughput=18.73 img/s eta_seconds=215.1 gpu_alloc=376.7MiB gpu_reserved=4426.0MiB skipped_batches=0
2026-08-18 13:11:51,572 | INFO | epoch=35 batch=625 global_step=10815 loss_reg_months=2.6613 lr=0.00000140 grad_norm=1.5576 throughput=18.77 img/s eta_seconds=198.7 gpu_alloc=485.7MiB gpu_reserved=4426.0MiB skipped_batches=0
2026-08-18 13:12:07,360 | INFO | epoch=35 batch=650 global_step=10823 loss_reg_months=2.6721 lr=0.00000140 grad_norm=1.8194 throughput=18.77 img/s eta_seconds=182.6 gpu_alloc=485.7MiB gpu_reserved=4426.0MiB skipped_batches=0
2026-08-18 13:12:23,096 | INFO | epoch=35 batch=675 global_step=10832 loss_reg_months=2.6696 lr=0.00000140 grad_norm=2.0995 throughput=18.79 img/s eta_seconds=166.6 gpu_alloc=376.7MiB gpu_reserved=4426.0MiB skipped_batches=0
2026-08-18 13:12:38,793 | INFO | epoch=35 batch=700 global_step=10840 loss_reg_months=2.6607 lr=0.00000140 grad_norm=2.0215 throughput=18.80 img/s eta_seconds=150.5 gpu_alloc=485.7MiB gpu_reserved=4426.0MiB skipped_batches=0
2026-08-18 13:12:54,539 | INFO | epoch=35 batch=725 global_step=10848 loss_reg_months=2.6553 lr=0.00000140 grad_norm=1.4844 throughput=18.81 img/s eta_seconds=134.5 gpu_alloc=485.7MiB gpu_reserved=4426.0MiB skipped_batches=0
2026-08-18 13:13:11,314 | INFO | epoch=35 batch=750 global_step=10857 loss_reg_months=2.6721 lr=0.00000140 grad_norm=1.5152 throughput=18.77 img/s eta_seconds=118.7 gpu_alloc=376.7MiB gpu_reserved=4426.0MiB skipped_batches=0
2026-08-18 13:13:27,177 | INFO | epoch=35 batch=775 global_step=10865 loss_reg_months=2.6737 lr=0.00000140 grad_norm=1.3551 throughput=18.78 img/s eta_seconds=102.7 gpu_alloc=485.7MiB gpu_reserved=4426.0MiB skipped_batches=0
2026-08-18 13:13:44,541 | INFO | epoch=35 batch=800 global_step=10873 loss_reg_months=2.6624 lr=0.00000140 grad_norm=1.2884 throughput=18.73 img/s eta_seconds=87.0 gpu_alloc=485.7MiB gpu_reserved=4426.0MiB skipped_batches=0
2026-08-18 13:13:59,683 | INFO | epoch=35 batch=825 global_step=10882 loss_reg_months=2.6705 lr=0.00000140 grad_norm=1.6703 throughput=18.76 img/s eta_seconds=70.9 gpu_alloc=376.7MiB gpu_reserved=4426.0MiB skipped_batches=0
2026-08-18 13:14:15,705 | INFO | epoch=35 batch=850 global_step=10890 loss_reg_months=2.6797 lr=0.00000140 grad_norm=1.9280 throughput=18.76 img/s eta_seconds=54.9 gpu_alloc=485.7MiB gpu_reserved=4426.0MiB skipped_batches=0
2026-08-18 13:14:32,738 | INFO | epoch=35 batch=875 global_step=10898 loss_reg_months=2.6746 lr=0.00000140 grad_norm=2.0545 throughput=18.72 img/s eta_seconds=38.9 gpu_alloc=485.7MiB gpu_reserved=4426.0MiB skipped_batches=0
2026-08-18 13:14:48,769 | INFO | epoch=35 batch=900 global_step=10907 loss_reg_months=2.6769 lr=0.00000140 grad_norm=1.8396 throughput=18.72 img/s eta_seconds=22.9 gpu_alloc=376.7MiB gpu_reserved=4426.0MiB skipped_batches=0
2026-08-18 13:15:04,804 | INFO | epoch=35 batch=925 global_step=10915 loss_reg_months=2.6716 lr=0.00000140 grad_norm=1.8560 throughput=18.72 img/s eta_seconds=6.9 gpu_alloc=485.7MiB gpu_reserved=4426.0MiB skipped_batches=0
2026-08-18 13:17:10,111 | WARNING | STABILITY WARNING [CAM] Prediction vượt nhẹ miền tuổi 0–228: [6.79, 228.50]
2026-08-18 13:17:10,117 | WARNING | STABILITY WARNING [CAM] Validation MAE xấu đi trong khi train loss giảm
2026-08-18 13:17:10,118 | INFO | 
TRAINING REVIEW SNAPSHOT
Run ID / config hash / split hash: P7_FINAL_V3_FOLD_3 / 9d99f003f905 / 7822a5f81361+092347b08ac2
Epoch / global step: 35 / 10919
Train loss: 2.6669
Validation MAE / RMSE / median AE: 6.4962 / 8.7461 / 4.9688
MAE nam / nữ / age bins: {'F': 6.6858232892690515, 'M': 6.335850180802104} / {'120-179': 6.1999143835616435, '60-119': 7.596206507731959, '0-59': 5.6065817039106145, '180-228': 5.607723577235772}
Learning rate / peak VRAM: 0.00000140 / 4426.0 MiB
Best epoch / best MAE / epochs không cải thiện: 28 / 6.4115 / 7
Cảnh báo hiện tại: CAM: Prediction vượt nhẹ miền tuổi 0–228: [6.79, 228.50] | CAM: Validation MAE xấu đi trong khi train loss giảm
Checkpoint gần nhất: /content/p7_v3/runs/P7_FINAL_V3_FOLD_3/last.ckpt
Checkpoint tốt nhất: /content/p7_v3/runs/P7_FINAL_V3_FOLD_3/best_mae.ckpt
Đề xuất tự động: THEO DÕI
