2026-08-23 11:30:53,042 | INFO | Run=EXP006_P7_CONTROL_FOLD_1 device=cuda config_hash=edaa5c74c2b6126a81f816188a168b1d570e31f01444c0e020f39464b934cff0
2026-08-23 11:30:53,043 | INFO | Split hash train=f6c953ba9a0920657d7eee09311f4f325bd708317b026c333cecd03e83f58bf8 validation=61fdd2e96f4f8c8f33e8728114604ad8ba5d1c4307ad22b4b4642786630368b9
2026-08-23 11:32:37,080 | INFO | epoch=6 batch=25 global_step=1568 loss_reg_months=5.2223 lr=0.00019015 grad_norm=1.6862 throughput=3.08 img/s eta_seconds=3548.8 gpu_alloc=485.7MiB gpu_reserved=4426.0MiB skipped_batches=0
2026-08-23 11:33:57,705 | INFO | epoch=6 batch=50 global_step=1576 loss_reg_months=5.2475 lr=0.00019015 grad_norm=1.7437 throughput=3.37 img/s eta_seconds=3153.8 gpu_alloc=485.7MiB gpu_reserved=4426.0MiB skipped_batches=0
2026-08-23 11:35:18,330 | INFO | epoch=6 batch=75 global_step=1585 loss_reg_months=5.4140 lr=0.00019015 grad_norm=1.4547 throughput=3.48 img/s eta_seconds=2968.4 gpu_alloc=376.7MiB gpu_reserved=4426.0MiB skipped_batches=0
2026-08-23 11:36:48,713 | INFO | epoch=6 batch=100 global_step=1593 loss_reg_months=5.1528 lr=0.00019015 grad_norm=1.3951 throughput=3.44 img/s eta_seconds=2916.9 gpu_alloc=485.7MiB gpu_reserved=4426.0MiB skipped_batches=0
2026-08-23 11:38:04,541 | INFO | epoch=6 batch=125 global_step=1601 loss_reg_months=5.2534 lr=0.00019015 grad_norm=2.5431 throughput=3.53 img/s eta_seconds=2755.5 gpu_alloc=485.7MiB gpu_reserved=4426.0MiB skipped_batches=0
2026-08-23 11:39:46,210 | INFO | epoch=6 batch=150 global_step=1610 loss_reg_months=5.3108 lr=0.00019015 grad_norm=2.0666 throughput=3.42 img/s eta_seconds=2758.0 gpu_alloc=376.7MiB gpu_reserved=4426.0MiB skipped_batches=0
2026-08-23 11:41:04,215 | INFO | epoch=6 batch=175 global_step=1618 loss_reg_months=5.4767 lr=0.00019015 grad_norm=3.5004 throughput=3.47 img/s eta_seconds=2627.8 gpu_alloc=485.7MiB gpu_reserved=4426.0MiB skipped_batches=0
2026-08-23 11:42:16,552 | INFO | epoch=6 batch=200 global_step=1626 loss_reg_months=5.6137 lr=0.00019015 grad_norm=2.0449 throughput=3.55 img/s eta_seconds=2489.8 gpu_alloc=485.7MiB gpu_reserved=4426.0MiB skipped_batches=0
2026-08-23 11:43:51,931 | INFO | epoch=6 batch=225 global_step=1635 loss_reg_months=5.5992 lr=0.00019015 grad_norm=1.3076 throughput=3.50 img/s eta_seconds=2439.2 gpu_alloc=376.7MiB gpu_reserved=4426.0MiB skipped_batches=0
2026-08-23 11:45:19,859 | INFO | epoch=6 batch=250 global_step=1643 loss_reg_months=5.5737 lr=0.00019015 grad_norm=2.0758 throughput=3.49 img/s eta_seconds=2359.2 gpu_alloc=485.7MiB gpu_reserved=4426.0MiB skipped_batches=0
2026-08-23 11:46:57,968 | INFO | epoch=6 batch=275 global_step=1651 loss_reg_months=5.5945 lr=0.00019015 grad_norm=0.9511 throughput=3.44 img/s eta_seconds=2302.3 gpu_alloc=485.7MiB gpu_reserved=4426.0MiB skipped_batches=0
2026-08-23 11:48:32,992 | INFO | epoch=6 batch=300 global_step=1660 loss_reg_months=5.6293 lr=0.00019015 grad_norm=2.2089 throughput=3.42 img/s eta_seconds=2231.9 gpu_alloc=376.7MiB gpu_reserved=4426.0MiB skipped_batches=0
2026-08-23 11:50:03,273 | INFO | epoch=6 batch=325 global_step=1668 loss_reg_months=5.6903 lr=0.00019015 grad_norm=2.5142 throughput=3.41 img/s eta_seconds=2148.8 gpu_alloc=485.7MiB gpu_reserved=4426.0MiB skipped_batches=0
2026-08-23 11:51:49,655 | INFO | epoch=6 batch=350 global_step=1676 loss_reg_months=5.7063 lr=0.00019015 grad_norm=1.4991 throughput=3.36 img/s eta_seconds=2091.7 gpu_alloc=485.7MiB gpu_reserved=4426.0MiB skipped_batches=0
2026-08-23 11:53:24,846 | INFO | epoch=6 batch=375 global_step=1685 loss_reg_months=5.7615 lr=0.00019015 grad_norm=2.3581 throughput=3.35 img/s eta_seconds=2011.2 gpu_alloc=376.7MiB gpu_reserved=4426.0MiB skipped_batches=0
2026-08-23 11:54:55,054 | INFO | epoch=6 batch=400 global_step=1693 loss_reg_months=5.7674 lr=0.00019015 grad_norm=3.5392 throughput=3.34 img/s eta_seconds=1922.2 gpu_alloc=485.7MiB gpu_reserved=4426.0MiB skipped_batches=0
2026-08-23 11:56:22,042 | INFO | epoch=6 batch=425 global_step=1701 loss_reg_months=5.7094 lr=0.00019015 grad_norm=2.0127 throughput=3.35 img/s eta_seconds=1829.3 gpu_alloc=485.7MiB gpu_reserved=4426.0MiB skipped_batches=0
2026-08-23 11:58:01,090 | INFO | epoch=6 batch=450 global_step=1710 loss_reg_months=5.7315 lr=0.00019015 grad_norm=2.5829 throughput=3.33 img/s eta_seconds=1749.9 gpu_alloc=376.7MiB gpu_reserved=4426.0MiB skipped_batches=0
2026-08-23 11:59:31,010 | INFO | epoch=6 batch=475 global_step=1718 loss_reg_months=5.7045 lr=0.00019015 grad_norm=1.8264 throughput=3.33 img/s eta_seconds=1659.7 gpu_alloc=485.7MiB gpu_reserved=4426.0MiB skipped_batches=0
2026-08-23 12:00:59,585 | INFO | epoch=6 batch=500 global_step=1726 loss_reg_months=5.7171 lr=0.00019015 grad_norm=1.7643 throughput=3.33 img/s eta_seconds=1568.3 gpu_alloc=485.7MiB gpu_reserved=4426.0MiB skipped_batches=0
2026-08-23 12:02:19,623 | INFO | epoch=6 batch=525 global_step=1735 loss_reg_months=5.7401 lr=0.00019015 grad_norm=2.5879 throughput=3.35 img/s eta_seconds=1470.6 gpu_alloc=376.7MiB gpu_reserved=4426.0MiB skipped_batches=0
2026-08-23 12:04:00,179 | INFO | epoch=6 batch=550 global_step=1743 loss_reg_months=5.7303 lr=0.00019015 grad_norm=2.2242 throughput=3.33 img/s eta_seconds=1388.8 gpu_alloc=485.7MiB gpu_reserved=4426.0MiB skipped_batches=0
2026-08-23 12:05:41,059 | INFO | epoch=6 batch=575 global_step=1751 loss_reg_months=5.7256 lr=0.00019015 grad_norm=2.8813 throughput=3.32 img/s eta_seconds=1305.6 gpu_alloc=485.7MiB gpu_reserved=4426.0MiB skipped_batches=0
2026-08-23 12:07:05,981 | INFO | epoch=6 batch=600 global_step=1760 loss_reg_months=5.7091 lr=0.00019015 grad_norm=1.9880 throughput=3.32 img/s eta_seconds=1211.9 gpu_alloc=376.7MiB gpu_reserved=4426.0MiB skipped_batches=0
2026-08-23 12:08:34,471 | INFO | epoch=6 batch=625 global_step=1768 loss_reg_months=5.6817 lr=0.00019015 grad_norm=1.1389 throughput=3.33 img/s eta_seconds=1120.8 gpu_alloc=485.7MiB gpu_reserved=4426.0MiB skipped_batches=0
2026-08-23 12:10:11,576 | INFO | epoch=6 batch=650 global_step=1776 loss_reg_months=5.6735 lr=0.00019015 grad_norm=1.7999 throughput=3.32 img/s eta_seconds=1033.6 gpu_alloc=485.7MiB gpu_reserved=4426.0MiB skipped_batches=0
2026-08-23 12:11:37,815 | INFO | epoch=6 batch=675 global_step=1785 loss_reg_months=5.6533 lr=0.00019015 grad_norm=0.9640 throughput=3.32 img/s eta_seconds=941.6 gpu_alloc=376.7MiB gpu_reserved=4426.0MiB skipped_batches=0
2026-08-23 12:12:56,141 | INFO | epoch=6 batch=700 global_step=1793 loss_reg_months=5.6459 lr=0.00019015 grad_norm=2.8892 throughput=3.34 img/s eta_seconds=847.2 gpu_alloc=485.7MiB gpu_reserved=4426.0MiB skipped_batches=0
2026-08-23 12:14:17,117 | INFO | epoch=6 batch=725 global_step=1801 loss_reg_months=5.6459 lr=0.00019015 grad_norm=3.2393 throughput=3.35 img/s eta_seconds=754.8 gpu_alloc=485.7MiB gpu_reserved=4426.0MiB skipped_batches=0
2026-08-23 12:15:49,531 | INFO | epoch=6 batch=750 global_step=1810 loss_reg_months=5.6333 lr=0.00019015 grad_norm=1.2852 throughput=3.35 img/s eta_seconds=665.9 gpu_alloc=376.7MiB gpu_reserved=4426.0MiB skipped_batches=0
2026-08-23 12:17:20,819 | INFO | epoch=6 batch=775 global_step=1818 loss_reg_months=5.6246 lr=0.00019015 grad_norm=0.9946 throughput=3.34 img/s eta_seconds=576.6 gpu_alloc=485.7MiB gpu_reserved=4426.0MiB skipped_batches=0
2026-08-23 12:18:51,619 | INFO | epoch=6 batch=800 global_step=1826 loss_reg_months=5.6224 lr=0.00019015 grad_norm=1.5784 throughput=3.34 img/s eta_seconds=487.0 gpu_alloc=485.7MiB gpu_reserved=4426.0MiB skipped_batches=0
2026-08-23 12:20:25,532 | INFO | epoch=6 batch=825 global_step=1835 loss_reg_months=5.6228 lr=0.00019015 grad_norm=1.2183 throughput=3.34 img/s eta_seconds=397.8 gpu_alloc=376.7MiB gpu_reserved=4426.0MiB skipped_batches=0
2026-08-23 12:22:00,615 | INFO | epoch=6 batch=850 global_step=1843 loss_reg_months=5.6166 lr=0.00019015 grad_norm=1.4495 throughput=3.33 img/s eta_seconds=308.5 gpu_alloc=485.7MiB gpu_reserved=4426.0MiB skipped_batches=0
2026-08-23 12:23:28,637 | INFO | epoch=6 batch=875 global_step=1851 loss_reg_months=5.6271 lr=0.00019015 grad_norm=1.7118 throughput=3.33 img/s eta_seconds=218.3 gpu_alloc=485.7MiB gpu_reserved=4426.0MiB skipped_batches=0
2026-08-23 12:25:01,661 | INFO | epoch=6 batch=900 global_step=1860 loss_reg_months=5.6073 lr=0.00019015 grad_norm=1.5476 throughput=3.33 img/s eta_seconds=128.5 gpu_alloc=376.7MiB gpu_reserved=4426.0MiB skipped_batches=0
2026-08-23 12:26:21,931 | INFO | epoch=6 batch=925 global_step=1868 loss_reg_months=5.6062 lr=0.00019015 grad_norm=1.5996 throughput=3.34 img/s eta_seconds=38.3 gpu_alloc=485.7MiB gpu_reserved=4426.0MiB skipped_batches=0
2026-08-23 12:39:51,095 | INFO | 
TRAINING REVIEW SNAPSHOT
Run ID / config hash / split hash: EXP006_P7_CONTROL_FOLD_1 / edaa5c74c2b6 / f6c953ba9a09+61fdd2e96f4f
Epoch / global step: 6 / 1872
Train loss: 5.5935
Validation MAE / RMSE / median AE: 7.4237 / 9.7318 / 5.7500
MAE nam / nữ / age bins: {'F': 7.688726204351204, 'M': 7.199385683760684} / {'0-59': 6.759271978021978, '60-119': 9.30390525982256, '120-179': 6.0566222570532915, '180-228': 10.803202479338843}
Learning rate / peak VRAM: 0.00019015 / 4426.0 MiB
Best epoch / best MAE / epochs không cải thiện: 3 / 6.9650 / 3
Cảnh báo hiện tại: KHÔNG
Checkpoint gần nhất: /content/exp006_roadmap/runs/EXP006_P7_CONTROL_FOLD_1/last.ckpt
Checkpoint tốt nhất: /content/exp006_roadmap/runs/EXP006_P7_CONTROL_FOLD_1/best_mae.ckpt
Đề xuất tự động: TIẾP TỤC
2026-08-23 12:40:28,537 | INFO | epoch=7 batch=25 global_step=1880 loss_reg_months=5.5272 lr=0.00018592 grad_norm=1.7388 throughput=10.13 img/s eta_seconds=1078.5 gpu_alloc=485.7MiB gpu_reserved=4426.0MiB skipped_batches=0
2026-08-23 12:40:45,772 | INFO | epoch=7 batch=50 global_step=1888 loss_reg_months=5.5996 lr=0.00018592 grad_norm=2.4923 throughput=12.81 img/s eta_seconds=829.7 gpu_alloc=485.7MiB gpu_reserved=4426.0MiB skipped_batches=0
2026-08-23 12:41:03,593 | INFO | epoch=7 batch=75 global_step=1897 loss_reg_months=5.5317 lr=0.00018592 grad_norm=1.4299 throughput=13.92 img/s eta_seconds=742.1 gpu_alloc=376.7MiB gpu_reserved=4426.0MiB skipped_batches=0
2026-08-23 12:41:22,729 | INFO | epoch=7 batch=100 global_step=1905 loss_reg_months=5.5221 lr=0.00018592 grad_norm=2.0971 throughput=14.32 img/s eta_seconds=700.3 gpu_alloc=485.7MiB gpu_reserved=4426.0MiB skipped_batches=0
2026-08-23 12:41:40,860 | INFO | epoch=7 batch=125 global_step=1913 loss_reg_months=5.4170 lr=0.00018592 grad_norm=1.4676 throughput=14.72 img/s eta_seconds=661.1 gpu_alloc=485.7MiB gpu_reserved=4426.0MiB skipped_batches=0
2026-08-23 12:41:58,009 | INFO | epoch=7 batch=150 global_step=1922 loss_reg_months=5.3820 lr=0.00018592 grad_norm=2.2154 throughput=15.12 img/s eta_seconds=623.7 gpu_alloc=376.7MiB gpu_reserved=4426.0MiB skipped_batches=0
2026-08-23 12:42:15,822 | INFO | epoch=7 batch=175 global_step=1930 loss_reg_months=5.3441 lr=0.00018592 grad_norm=1.4660 throughput=15.34 img/s eta_seconds=595.0 gpu_alloc=485.7MiB gpu_reserved=4426.0MiB skipped_batches=0
2026-08-23 12:42:32,783 | INFO | epoch=7 batch=200 global_step=1938 loss_reg_months=5.3339 lr=0.00018592 grad_norm=1.2359 throughput=15.60 img/s eta_seconds=565.9 gpu_alloc=485.7MiB gpu_reserved=4426.0MiB skipped_batches=0
2026-08-23 12:42:52,491 | INFO | epoch=7 batch=225 global_step=1947 loss_reg_months=5.3141 lr=0.00018592 grad_norm=2.2051 throughput=15.56 img/s eta_seconds=548.2 gpu_alloc=376.7MiB gpu_reserved=4426.0MiB skipped_batches=0
2026-08-23 12:43:09,795 | INFO | epoch=7 batch=250 global_step=1955 loss_reg_months=5.3102 lr=0.00018592 grad_norm=1.4663 throughput=15.72 img/s eta_seconds=523.5 gpu_alloc=485.7MiB gpu_reserved=4426.0MiB skipped_batches=0
2026-08-23 12:43:27,367 | INFO | epoch=7 batch=275 global_step=1963 loss_reg_months=5.2983 lr=0.00018592 grad_norm=1.2677 throughput=15.83 img/s eta_seconds=500.8 gpu_alloc=485.7MiB gpu_reserved=4426.0MiB skipped_batches=0
2026-08-23 12:43:44,869 | INFO | epoch=7 batch=300 global_step=1972 loss_reg_months=5.2924 lr=0.00018592 grad_norm=1.8927 throughput=15.93 img/s eta_seconds=478.7 gpu_alloc=376.7MiB gpu_reserved=4426.0MiB skipped_batches=0
2026-08-23 12:44:03,487 | INFO | epoch=7 batch=325 global_step=1980 loss_reg_months=5.2881 lr=0.00018592 grad_norm=1.7543 throughput=15.95 img/s eta_seconds=459.5 gpu_alloc=485.7MiB gpu_reserved=4426.0MiB skipped_batches=0
2026-08-23 12:44:21,418 | INFO | epoch=7 batch=350 global_step=1988 loss_reg_months=5.2948 lr=0.00018592 grad_norm=1.2417 throughput=16.00 img/s eta_seconds=439.2 gpu_alloc=485.7MiB gpu_reserved=4426.0MiB skipped_batches=0
2026-08-23 12:44:39,081 | INFO | epoch=7 batch=375 global_step=1997 loss_reg_months=5.2691 lr=0.00018592 grad_norm=1.2495 throughput=16.06 img/s eta_seconds=418.9 gpu_alloc=376.7MiB gpu_reserved=4426.0MiB skipped_batches=0
2026-08-23 12:44:58,729 | INFO | epoch=7 batch=400 global_step=2005 loss_reg_months=5.2617 lr=0.00018592 grad_norm=1.8084 throughput=16.01 img/s eta_seconds=401.5 gpu_alloc=485.7MiB gpu_reserved=4426.0MiB skipped_batches=0
2026-08-23 12:45:27,098 | INFO | epoch=7 batch=425 global_step=2013 loss_reg_months=5.2967 lr=0.00018592 grad_norm=1.8794 throughput=15.54 img/s eta_seconds=394.3 gpu_alloc=485.7MiB gpu_reserved=4426.0MiB skipped_batches=0
2026-08-23 12:45:44,514 | INFO | epoch=7 batch=450 global_step=2022 loss_reg_months=5.3378 lr=0.00018592 grad_norm=0.8867 throughput=15.63 img/s eta_seconds=373.0 gpu_alloc=376.7MiB gpu_reserved=4426.0MiB skipped_batches=0
2026-08-23 12:46:02,502 | INFO | epoch=7 batch=475 global_step=2030 loss_reg_months=5.3278 lr=0.00018592 grad_norm=1.2254 throughput=15.68 img/s eta_seconds=352.6 gpu_alloc=485.7MiB gpu_reserved=4426.0MiB skipped_batches=0
2026-08-23 12:46:21,445 | INFO | epoch=7 batch=500 global_step=2038 loss_reg_months=5.3372 lr=0.00018592 grad_norm=1.9474 throughput=15.69 img/s eta_seconds=333.3 gpu_alloc=485.7MiB gpu_reserved=4426.0MiB skipped_batches=0
2026-08-23 12:46:38,801 | INFO | epoch=7 batch=525 global_step=2047 loss_reg_months=5.3450 lr=0.00018592 grad_norm=1.4091 throughput=15.76 img/s eta_seconds=312.8 gpu_alloc=376.7MiB gpu_reserved=4426.0MiB skipped_batches=0
2026-08-23 12:46:56,413 | INFO | epoch=7 batch=550 global_step=2055 loss_reg_months=5.3678 lr=0.00018592 grad_norm=1.8651 throughput=15.81 img/s eta_seconds=292.7 gpu_alloc=485.7MiB gpu_reserved=4426.0MiB skipped_batches=0
2026-08-23 12:47:13,994 | INFO | epoch=7 batch=575 global_step=2063 loss_reg_months=5.3859 lr=0.00018592 grad_norm=1.7084 throughput=15.86 img/s eta_seconds=272.9 gpu_alloc=485.7MiB gpu_reserved=4426.0MiB skipped_batches=0
2026-08-23 12:47:33,168 | INFO | epoch=7 batch=600 global_step=2072 loss_reg_months=5.3801 lr=0.00018592 grad_norm=3.5605 throughput=15.85 img/s eta_seconds=254.1 gpu_alloc=376.7MiB gpu_reserved=4426.0MiB skipped_batches=0
2026-08-23 12:47:50,617 | INFO | epoch=7 batch=625 global_step=2080 loss_reg_months=5.3780 lr=0.00018592 grad_norm=2.2348 throughput=15.90 img/s eta_seconds=234.5 gpu_alloc=485.7MiB gpu_reserved=4426.0MiB skipped_batches=0
2026-08-23 12:48:07,986 | INFO | epoch=7 batch=650 global_step=2088 loss_reg_months=5.3776 lr=0.00018592 grad_norm=1.3580 throughput=15.95 img/s eta_seconds=214.9 gpu_alloc=485.7MiB gpu_reserved=4426.0MiB skipped_batches=0
2026-08-23 12:48:24,632 | INFO | epoch=7 batch=675 global_step=2097 loss_reg_months=5.3752 lr=0.00018592 grad_norm=1.4758 throughput=16.02 img/s eta_seconds=195.3 gpu_alloc=376.7MiB gpu_reserved=4426.0MiB skipped_batches=0
2026-08-23 12:48:41,522 | INFO | epoch=7 batch=700 global_step=2105 loss_reg_months=5.3724 lr=0.00018592 grad_norm=1.5276 throughput=16.07 img/s eta_seconds=175.9 gpu_alloc=485.7MiB gpu_reserved=4426.0MiB skipped_batches=0
2026-08-23 12:48:59,694 | INFO | epoch=7 batch=725 global_step=2113 loss_reg_months=5.3721 lr=0.00018592 grad_norm=1.1836 throughput=16.09 img/s eta_seconds=157.1 gpu_alloc=485.7MiB gpu_reserved=4426.0MiB skipped_batches=0
2026-08-23 12:49:18,063 | INFO | epoch=7 batch=750 global_step=2122 loss_reg_months=5.3740 lr=0.00018592 grad_norm=2.3060 throughput=16.10 img/s eta_seconds=138.4 gpu_alloc=376.7MiB gpu_reserved=4426.0MiB skipped_batches=0
2026-08-23 12:49:35,924 | INFO | epoch=7 batch=775 global_step=2130 loss_reg_months=5.3856 lr=0.00018592 grad_norm=2.2367 throughput=16.12 img/s eta_seconds=119.6 gpu_alloc=485.7MiB gpu_reserved=4426.0MiB skipped_batches=0
2026-08-23 12:49:53,460 | INFO | epoch=7 batch=800 global_step=2138 loss_reg_months=5.4113 lr=0.00018592 grad_norm=2.6198 throughput=16.15 img/s eta_seconds=100.8 gpu_alloc=485.7MiB gpu_reserved=4426.0MiB skipped_batches=0
2026-08-23 12:50:10,918 | INFO | epoch=7 batch=825 global_step=2147 loss_reg_months=5.4093 lr=0.00018592 grad_norm=1.3415 throughput=16.18 img/s eta_seconds=82.1 gpu_alloc=376.7MiB gpu_reserved=4426.0MiB skipped_batches=0
2026-08-23 12:50:28,197 | INFO | epoch=7 batch=850 global_step=2155 loss_reg_months=5.3912 lr=0.00018592 grad_norm=1.1668 throughput=16.21 img/s eta_seconds=63.4 gpu_alloc=485.7MiB gpu_reserved=4426.0MiB skipped_batches=0
2026-08-23 12:50:46,649 | INFO | epoch=7 batch=875 global_step=2163 loss_reg_months=5.4218 lr=0.00018592 grad_norm=1.1665 throughput=16.21 img/s eta_seconds=44.9 gpu_alloc=485.7MiB gpu_reserved=4426.0MiB skipped_batches=0
2026-08-23 12:51:03,923 | INFO | epoch=7 batch=900 global_step=2172 loss_reg_months=5.4284 lr=0.00018592 grad_norm=1.0213 throughput=16.24 img/s eta_seconds=26.4 gpu_alloc=376.7MiB gpu_reserved=4426.0MiB skipped_batches=0
2026-08-23 12:51:22,283 | INFO | epoch=7 batch=925 global_step=2180 loss_reg_months=5.4361 lr=0.00018592 grad_norm=1.8106 throughput=16.24 img/s eta_seconds=7.9 gpu_alloc=485.7MiB gpu_reserved=4426.0MiB skipped_batches=0
2026-08-23 12:53:40,038 | INFO | 
TRAINING REVIEW SNAPSHOT
Run ID / config hash / split hash: EXP006_P7_CONTROL_FOLD_1 / edaa5c74c2b6 / f6c953ba9a09+61fdd2e96f4f
Epoch / global step: 7 / 2184
Train loss: 5.4352
Validation MAE / RMSE / median AE: 7.2305 / 9.3316 / 5.8750
MAE nam / nữ / age bins: {'F': 7.088292783605284, 'M': 7.350858809993426} / {'0-59': 6.315461881868132, '60-119': 7.815985424588086, '120-179': 6.662891849529781, '180-228': 9.75103305785124}
Learning rate / peak VRAM: 0.00018592 / 4426.0 MiB
Best epoch / best MAE / epochs không cải thiện: 3 / 6.9650 / 4
Cảnh báo hiện tại: KHÔNG
Checkpoint gần nhất: /content/exp006_roadmap/runs/EXP006_P7_CONTROL_FOLD_1/last.ckpt
Checkpoint tốt nhất: /content/exp006_roadmap/runs/EXP006_P7_CONTROL_FOLD_1/best_mae.ckpt
Đề xuất tự động: TIẾP TỤC
2026-08-23 12:54:14,793 | INFO | epoch=8 batch=25 global_step=2192 loss_reg_months=5.8334 lr=0.00018100 grad_norm=1.7623 throughput=10.29 img/s eta_seconds=1062.5 gpu_alloc=485.7MiB gpu_reserved=4426.0MiB skipped_batches=0
2026-08-23 12:54:32,500 | INFO | epoch=8 batch=50 global_step=2200 loss_reg_months=5.4592 lr=0.00018100 grad_norm=1.4690 throughput=12.80 img/s eta_seconds=830.3 gpu_alloc=485.7MiB gpu_reserved=4426.0MiB skipped_batches=0
2026-08-23 12:54:50,033 | INFO | epoch=8 batch=75 global_step=2209 loss_reg_months=5.2411 lr=0.00018100 grad_norm=2.1694 throughput=13.97 img/s eta_seconds=739.1 gpu_alloc=376.7MiB gpu_reserved=4426.0MiB skipped_batches=0
2026-08-23 12:55:07,660 | INFO | epoch=8 batch=100 global_step=2217 loss_reg_months=5.2960 lr=0.00018100 grad_norm=2.4650 throughput=14.63 img/s eta_seconds=685.5 gpu_alloc=485.7MiB gpu_reserved=4426.0MiB skipped_batches=0
2026-08-23 12:55:25,743 | INFO | epoch=8 batch=125 global_step=2225 loss_reg_months=5.3944 lr=0.00018100 grad_norm=1.1664 throughput=14.98 img/s eta_seconds=649.3 gpu_alloc=485.7MiB gpu_reserved=4426.0MiB skipped_batches=0
2026-08-23 12:55:43,431 | INFO | epoch=8 batch=150 global_step=2234 loss_reg_months=5.4595 lr=0.00018100 grad_norm=1.5946 throughput=15.28 img/s eta_seconds=617.0 gpu_alloc=376.7MiB gpu_reserved=4426.0MiB skipped_batches=0
2026-08-23 12:56:00,541 | INFO | epoch=8 batch=175 global_step=2242 loss_reg_months=5.4650 lr=0.00018100 grad_norm=1.1889 throughput=15.57 img/s eta_seconds=586.4 gpu_alloc=485.7MiB gpu_reserved=4426.0MiB skipped_batches=0
2026-08-23 12:56:17,811 | INFO | epoch=8 batch=200 global_step=2250 loss_reg_months=5.4783 lr=0.00018100 grad_norm=1.2130 throughput=15.77 img/s eta_seconds=559.8 gpu_alloc=485.7MiB gpu_reserved=4426.0MiB skipped_batches=0
2026-08-23 12:56:34,719 | INFO | epoch=8 batch=225 global_step=2259 loss_reg_months=5.4401 lr=0.00018100 grad_norm=1.3118 throughput=15.97 img/s eta_seconds=534.1 gpu_alloc=376.7MiB gpu_reserved=4426.0MiB skipped_batches=0
2026-08-23 12:56:53,991 | INFO | epoch=8 batch=250 global_step=2267 loss_reg_months=5.3924 lr=0.00018100 grad_norm=1.5365 throughput=15.93 img/s eta_seconds=516.6 gpu_alloc=485.7MiB gpu_reserved=4426.0MiB skipped_batches=0
2026-08-23 12:57:10,957 | INFO | epoch=8 batch=275 global_step=2275 loss_reg_months=5.4336 lr=0.00018100 grad_norm=2.2195 throughput=16.07 img/s eta_seconds=493.3 gpu_alloc=485.7MiB gpu_reserved=4426.0MiB skipped_batches=0
2026-08-23 12:57:29,030 | INFO | epoch=8 batch=300 global_step=2284 loss_reg_months=5.4224 lr=0.00018100 grad_norm=1.2283 throughput=16.11 img/s eta_seconds=473.4 gpu_alloc=376.7MiB gpu_reserved=4426.0MiB skipped_batches=0
2026-08-23 12:57:45,828 | INFO | epoch=8 batch=325 global_step=2292 loss_reg_months=5.4131 lr=0.00018100 grad_norm=1.7127 throughput=16.24 img/s eta_seconds=451.3 gpu_alloc=485.7MiB gpu_reserved=4426.0MiB skipped_batches=0
2026-08-23 12:58:03,569 | INFO | epoch=8 batch=350 global_step=2300 loss_reg_months=5.4537 lr=0.00018100 grad_norm=1.5363 throughput=16.28 img/s eta_seconds=431.6 gpu_alloc=485.7MiB gpu_reserved=4426.0MiB skipped_batches=0
2026-08-23 12:58:22,284 | INFO | epoch=8 batch=375 global_step=2309 loss_reg_months=5.3899 lr=0.00018100 grad_norm=1.1973 throughput=16.27 img/s eta_seconds=413.6 gpu_alloc=376.7MiB gpu_reserved=4426.0MiB skipped_batches=0
2026-08-23 12:58:39,831 | INFO | epoch=8 batch=400 global_step=2317 loss_reg_months=5.3863 lr=0.00018100 grad_norm=1.4067 throughput=16.32 img/s eta_seconds=394.0 gpu_alloc=485.7MiB gpu_reserved=4426.0MiB skipped_batches=0
2026-08-23 12:58:57,206 | INFO | epoch=8 batch=425 global_step=2325 loss_reg_months=5.3834 lr=0.00018100 grad_norm=1.4283 throughput=16.37 img/s eta_seconds=374.4 gpu_alloc=485.7MiB gpu_reserved=4426.0MiB skipped_batches=0
2026-08-23 12:59:15,056 | INFO | epoch=8 batch=450 global_step=2334 loss_reg_months=5.3865 lr=0.00018100 grad_norm=1.9052 throughput=16.39 img/s eta_seconds=355.5 gpu_alloc=376.7MiB gpu_reserved=4426.0MiB skipped_batches=0
2026-08-23 12:59:32,363 | INFO | epoch=8 batch=475 global_step=2342 loss_reg_months=5.3869 lr=0.00018100 grad_norm=1.4856 throughput=16.44 img/s eta_seconds=336.3 gpu_alloc=485.7MiB gpu_reserved=4426.0MiB skipped_batches=0
2026-08-23 12:59:51,737 | INFO | epoch=8 batch=500 global_step=2350 loss_reg_months=5.3843 lr=0.00018100 grad_norm=1.3211 throughput=16.39 img/s eta_seconds=319.0 gpu_alloc=485.7MiB gpu_reserved=4426.0MiB skipped_batches=0
2026-08-23 13:00:09,391 | INFO | epoch=8 batch=525 global_step=2359 loss_reg_months=5.3645 lr=0.00018100 grad_norm=1.5611 throughput=16.42 img/s eta_seconds=300.2 gpu_alloc=376.7MiB gpu_reserved=4426.0MiB skipped_batches=0
2026-08-23 13:00:27,611 | INFO | epoch=8 batch=550 global_step=2367 loss_reg_months=5.3617 lr=0.00018100 grad_norm=0.9652 throughput=16.42 img/s eta_seconds=281.9 gpu_alloc=485.7MiB gpu_reserved=4426.0MiB skipped_batches=0
2026-08-23 13:00:44,782 | INFO | epoch=8 batch=575 global_step=2375 loss_reg_months=5.3709 lr=0.00018100 grad_norm=2.3588 throughput=16.46 img/s eta_seconds=262.9 gpu_alloc=485.7MiB gpu_reserved=4426.0MiB skipped_batches=0
2026-08-23 13:01:04,020 | INFO | epoch=8 batch=600 global_step=2384 loss_reg_months=5.3671 lr=0.00018100 grad_norm=1.5029 throughput=16.42 img/s eta_seconds=245.3 gpu_alloc=376.7MiB gpu_reserved=4426.0MiB skipped_batches=0
2026-08-23 13:01:20,866 | INFO | epoch=8 batch=625 global_step=2392 loss_reg_months=5.3774 lr=0.00018100 grad_norm=2.2825 throughput=16.47 img/s eta_seconds=226.3 gpu_alloc=485.7MiB gpu_reserved=4426.0MiB skipped_batches=0
2026-08-23 13:01:38,676 | INFO | epoch=8 batch=650 global_step=2400 loss_reg_months=5.4012 lr=0.00018100 grad_norm=2.0362 throughput=16.49 img/s eta_seconds=207.9 gpu_alloc=485.7MiB gpu_reserved=4426.0MiB skipped_batches=0
2026-08-23 13:01:55,509 | INFO | epoch=8 batch=675 global_step=2409 loss_reg_months=5.4113 lr=0.00018100 grad_norm=2.5126 throughput=16.53 img/s eta_seconds=189.2 gpu_alloc=376.7MiB gpu_reserved=4426.0MiB skipped_batches=0
2026-08-23 13:02:13,893 | INFO | epoch=8 batch=700 global_step=2417 loss_reg_months=5.4366 lr=0.00018100 grad_norm=1.1896 throughput=16.53 img/s eta_seconds=171.1 gpu_alloc=485.7MiB gpu_reserved=4426.0MiB skipped_batches=0
2026-08-23 13:02:32,543 | INFO | epoch=8 batch=725 global_step=2425 loss_reg_months=5.4091 lr=0.00018100 grad_norm=1.2404 throughput=16.51 img/s eta_seconds=153.1 gpu_alloc=485.7MiB gpu_reserved=4426.0MiB skipped_batches=0
2026-08-23 13:02:50,444 | INFO | epoch=8 batch=750 global_step=2434 loss_reg_months=5.4007 lr=0.00018100 grad_norm=2.0430 throughput=16.52 img/s eta_seconds=134.9 gpu_alloc=376.7MiB gpu_reserved=4426.0MiB skipped_batches=0
2026-08-23 13:03:06,812 | INFO | epoch=8 batch=775 global_step=2442 loss_reg_months=5.3986 lr=0.00018100 grad_norm=1.3136 throughput=16.57 img/s eta_seconds=116.3 gpu_alloc=485.7MiB gpu_reserved=4426.0MiB skipped_batches=0
2026-08-23 13:03:24,320 | INFO | epoch=8 batch=800 global_step=2450 loss_reg_months=5.3982 lr=0.00018100 grad_norm=2.0526 throughput=16.59 img/s eta_seconds=98.1 gpu_alloc=485.7MiB gpu_reserved=4426.0MiB skipped_batches=0
2026-08-23 13:03:44,254 | INFO | epoch=8 batch=825 global_step=2459 loss_reg_months=5.3996 lr=0.00018100 grad_norm=1.2316 throughput=16.54 img/s eta_seconds=80.3 gpu_alloc=376.7MiB gpu_reserved=4426.0MiB skipped_batches=0
2026-08-23 13:04:01,261 | INFO | epoch=8 batch=850 global_step=2467 loss_reg_months=5.3765 lr=0.00018100 grad_norm=1.6055 throughput=16.57 img/s eta_seconds=62.0 gpu_alloc=485.7MiB gpu_reserved=4426.0MiB skipped_batches=0
2026-08-23 13:04:18,960 | INFO | epoch=8 batch=875 global_step=2475 loss_reg_months=5.3775 lr=0.00018100 grad_norm=1.4189 throughput=16.58 img/s eta_seconds=43.9 gpu_alloc=485.7MiB gpu_reserved=4426.0MiB skipped_batches=0
2026-08-23 13:04:36,363 | INFO | epoch=8 batch=900 global_step=2484 loss_reg_months=5.3768 lr=0.00018100 grad_norm=1.1959 throughput=16.60 img/s eta_seconds=25.8 gpu_alloc=376.7MiB gpu_reserved=4426.0MiB skipped_batches=0
2026-08-23 13:04:53,728 | INFO | epoch=8 batch=925 global_step=2492 loss_reg_months=5.3722 lr=0.00018100 grad_norm=1.0164 throughput=16.61 img/s eta_seconds=7.7 gpu_alloc=485.7MiB gpu_reserved=4426.0MiB skipped_batches=0
2026-08-23 13:07:14,827 | INFO | 
TRAINING REVIEW SNAPSHOT
Run ID / config hash / split hash: EXP006_P7_CONTROL_FOLD_1 / edaa5c74c2b6 / f6c953ba9a09+61fdd2e96f4f
Epoch / global step: 8 / 2496
Train loss: 5.3842
Validation MAE / RMSE / median AE: 6.9517 / 9.2916 / 5.5000
MAE nam / nữ / age bins: {'F': 7.063343774281274, 'M': 6.857197156476003} / {'0-59': 5.864740728021978, '60-119': 8.42157794676806, '120-179': 6.57519592476489, '180-228': 5.458161157024794}
Learning rate / peak VRAM: 0.00018100 / 4426.0 MiB
Best epoch / best MAE / epochs không cải thiện: 8 / 6.9517 / 0
Cảnh báo hiện tại: KHÔNG
Checkpoint gần nhất: /content/exp006_roadmap/runs/EXP006_P7_CONTROL_FOLD_1/last.ckpt
Checkpoint tốt nhất: /content/exp006_roadmap/runs/EXP006_P7_CONTROL_FOLD_1/best_mae.ckpt
Đề xuất tự động: TIẾP TỤC
2026-08-23 13:08:08,619 | INFO | epoch=9 batch=25 global_step=2504 loss_reg_months=5.6296 lr=0.00017543 grad_norm=1.7246 throughput=7.21 img/s eta_seconds=1515.2 gpu_alloc=485.7MiB gpu_reserved=4426.0MiB skipped_batches=0
2026-08-23 13:08:39,664 | INFO | epoch=9 batch=50 global_step=2512 loss_reg_months=5.6768 lr=0.00017543 grad_norm=2.6670 throughput=8.26 img/s eta_seconds=1286.7 gpu_alloc=485.7MiB gpu_reserved=4426.0MiB skipped_batches=0
2026-08-23 13:08:59,186 | INFO | epoch=9 batch=75 global_step=2521 loss_reg_months=5.7223 lr=0.00017543 grad_norm=2.3771 throughput=9.77 img/s eta_seconds=1057.6 gpu_alloc=376.7MiB gpu_reserved=4426.0MiB skipped_batches=0
2026-08-23 13:09:18,485 | INFO | epoch=9 batch=100 global_step=2529 loss_reg_months=5.7276 lr=0.00017543 grad_norm=1.5760 throughput=10.77 img/s eta_seconds=931.5 gpu_alloc=485.7MiB gpu_reserved=4426.0MiB skipped_batches=0
2026-08-23 13:09:38,191 | INFO | epoch=9 batch=125 global_step=2537 loss_reg_months=5.5436 lr=0.00017543 grad_norm=1.6976 throughput=11.44 img/s eta_seconds=850.7 gpu_alloc=485.7MiB gpu_reserved=4426.0MiB skipped_batches=0
2026-08-23 13:09:57,903 | INFO | epoch=9 batch=150 global_step=2546 loss_reg_months=5.3762 lr=0.00017543 grad_norm=0.9309 throughput=11.93 img/s eta_seconds=790.3 gpu_alloc=376.7MiB gpu_reserved=4426.0MiB skipped_batches=0
2026-08-23 13:10:19,513 | INFO | epoch=9 batch=175 global_step=2554 loss_reg_months=5.3664 lr=0.00017543 grad_norm=1.3677 throughput=12.17 img/s eta_seconds=749.7 gpu_alloc=485.7MiB gpu_reserved=4426.0MiB skipped_batches=0
2026-08-23 13:10:38,822 | INFO | epoch=9 batch=200 global_step=2562 loss_reg_months=5.4451 lr=0.00017543 grad_norm=1.1427 throughput=12.51 img/s eta_seconds=705.5 gpu_alloc=485.7MiB gpu_reserved=4426.0MiB skipped_batches=0
2026-08-23 13:10:58,307 | INFO | epoch=9 batch=225 global_step=2571 loss_reg_months=5.5285 lr=0.00017543 grad_norm=1.7956 throughput=12.78 img/s eta_seconds=667.3 gpu_alloc=376.7MiB gpu_reserved=4426.0MiB skipped_batches=0
2026-08-23 13:11:19,583 | INFO | epoch=9 batch=250 global_step=2579 loss_reg_months=5.5814 lr=0.00017543 grad_norm=1.5426 throughput=12.90 img/s eta_seconds=637.8 gpu_alloc=485.7MiB gpu_reserved=4426.0MiB skipped_batches=0
2026-08-23 13:11:39,644 | INFO | epoch=9 batch=275 global_step=2587 loss_reg_months=5.5878 lr=0.00017543 grad_norm=1.1091 throughput=13.06 img/s eta_seconds=606.9 gpu_alloc=485.7MiB gpu_reserved=4426.0MiB skipped_batches=0
2026-08-23 13:11:59,141 | INFO | epoch=9 batch=300 global_step=2596 loss_reg_months=5.5204 lr=0.00017543 grad_norm=1.0647 throughput=13.23 img/s eta_seconds=576.6 gpu_alloc=376.7MiB gpu_reserved=4426.0MiB skipped_batches=0
2026-08-23 13:12:19,418 | INFO | epoch=9 batch=325 global_step=2604 loss_reg_months=5.4890 lr=0.00017543 grad_norm=1.2304 throughput=13.34 img/s eta_seconds=549.4 gpu_alloc=485.7MiB gpu_reserved=4426.0MiB skipped_batches=0
2026-08-23 13:12:37,770 | INFO | epoch=9 batch=350 global_step=2612 loss_reg_months=5.4799 lr=0.00017543 grad_norm=1.5333 throughput=13.52 img/s eta_seconds=520.0 gpu_alloc=485.7MiB gpu_reserved=4426.0MiB skipped_batches=0
2026-08-23 13:13:00,055 | INFO | epoch=9 batch=375 global_step=2621 loss_reg_months=5.4796 lr=0.00017543 grad_norm=1.5971 throughput=13.51 img/s eta_seconds=497.9 gpu_alloc=376.7MiB gpu_reserved=4426.0MiB skipped_batches=0
2026-08-23 13:13:21,187 | INFO | epoch=9 batch=400 global_step=2629 loss_reg_months=5.4329 lr=0.00017543 grad_norm=1.1892 throughput=13.55 img/s eta_seconds=474.3 gpu_alloc=485.7MiB gpu_reserved=4426.0MiB skipped_batches=0
2026-08-23 13:13:42,064 | INFO | epoch=9 batch=425 global_step=2637 loss_reg_months=5.4081 lr=0.00017543 grad_norm=1.4273 throughput=13.60 img/s eta_seconds=450.6 gpu_alloc=485.7MiB gpu_reserved=4426.0MiB skipped_batches=0
2026-08-23 13:14:02,473 | INFO | epoch=9 batch=450 global_step=2646 loss_reg_months=5.3590 lr=0.00017543 grad_norm=1.1659 throughput=13.66 img/s eta_seconds=426.8 gpu_alloc=376.7MiB gpu_reserved=4426.0MiB skipped_batches=0
2026-08-23 13:14:28,413 | INFO | epoch=9 batch=475 global_step=2654 loss_reg_months=5.3904 lr=0.00017543 grad_norm=2.7293 throughput=13.53 img/s eta_seconds=408.7 gpu_alloc=485.7MiB gpu_reserved=4426.0MiB skipped_batches=0
2026-08-23 13:14:48,302 | INFO | epoch=9 batch=500 global_step=2662 loss_reg_months=5.3918 lr=0.00017543 grad_norm=0.9768 throughput=13.60 img/s eta_seconds=384.5 gpu_alloc=485.7MiB gpu_reserved=4426.0MiB skipped_batches=0
2026-08-23 13:15:11,847 | INFO | epoch=9 batch=525 global_step=2671 loss_reg_months=5.4032 lr=0.00017543 grad_norm=0.9714 throughput=13.55 img/s eta_seconds=363.6 gpu_alloc=376.7MiB gpu_reserved=4426.0MiB skipped_batches=0
2026-08-23 13:15:33,450 | INFO | epoch=9 batch=550 global_step=2679 loss_reg_months=5.3926 lr=0.00017543 grad_norm=2.1643 throughput=13.57 img/s eta_seconds=341.1 gpu_alloc=485.7MiB gpu_reserved=4426.0MiB skipped_batches=0
2026-08-23 13:15:54,339 | INFO | epoch=9 batch=575 global_step=2687 loss_reg_months=5.3725 lr=0.00017543 grad_norm=1.0743 throughput=13.60 img/s eta_seconds=318.2 gpu_alloc=485.7MiB gpu_reserved=4426.0MiB skipped_batches=0
2026-08-23 13:16:14,678 | INFO | epoch=9 batch=600 global_step=2696 loss_reg_months=5.3788 lr=0.00017543 grad_norm=1.1475 throughput=13.65 img/s eta_seconds=295.2 gpu_alloc=376.7MiB gpu_reserved=4426.0MiB skipped_batches=0
2026-08-23 13:16:35,317 | INFO | epoch=9 batch=625 global_step=2704 loss_reg_months=5.3657 lr=0.00017543 grad_norm=1.6052 throughput=13.68 img/s eta_seconds=272.5 gpu_alloc=485.7MiB gpu_reserved=4426.0MiB skipped_batches=0
2026-08-23 13:16:58,636 | INFO | epoch=9 batch=650 global_step=2712 loss_reg_months=5.3468 lr=0.00017543 grad_norm=1.4493 throughput=13.65 img/s eta_seconds=251.2 gpu_alloc=485.7MiB gpu_reserved=4426.0MiB skipped_batches=0
2026-08-23 13:17:20,693 | INFO | epoch=9 batch=675 global_step=2721 loss_reg_months=5.3571 lr=0.00017543 grad_norm=1.7615 throughput=13.64 img/s eta_seconds=229.3 gpu_alloc=376.7MiB gpu_reserved=4426.0MiB skipped_batches=0
2026-08-23 13:17:41,601 | INFO | epoch=9 batch=700 global_step=2729 loss_reg_months=5.3433 lr=0.00017543 grad_norm=2.2536 throughput=13.67 img/s eta_seconds=206.9 gpu_alloc=485.7MiB gpu_reserved=4426.0MiB skipped_batches=0
2026-08-23 13:18:03,356 | INFO | epoch=9 batch=725 global_step=2737 loss_reg_months=5.3541 lr=0.00017543 grad_norm=1.4688 throughput=13.67 img/s eta_seconds=184.9 gpu_alloc=485.7MiB gpu_reserved=4426.0MiB skipped_batches=0
2026-08-23 13:18:24,344 | INFO | epoch=9 batch=750 global_step=2746 loss_reg_months=5.3434 lr=0.00017543 grad_norm=1.4471 throughput=13.69 img/s eta_seconds=162.7 gpu_alloc=376.7MiB gpu_reserved=4426.0MiB skipped_batches=0
2026-08-23 13:18:44,178 | INFO | epoch=9 batch=775 global_step=2754 loss_reg_months=5.3405 lr=0.00017543 grad_norm=1.2419 throughput=13.73 img/s eta_seconds=140.4 gpu_alloc=485.7MiB gpu_reserved=4426.0MiB skipped_batches=0
2026-08-23 13:19:04,885 | INFO | epoch=9 batch=800 global_step=2762 loss_reg_months=5.3164 lr=0.00017543 grad_norm=1.7770 throughput=13.76 img/s eta_seconds=118.3 gpu_alloc=485.7MiB gpu_reserved=4426.0MiB skipped_batches=0
2026-08-23 13:19:25,036 | INFO | epoch=9 batch=825 global_step=2771 loss_reg_months=5.3021 lr=0.00017543 grad_norm=2.6626 throughput=13.79 img/s eta_seconds=96.3 gpu_alloc=376.7MiB gpu_reserved=4426.0MiB skipped_batches=0
2026-08-23 13:19:46,068 | INFO | epoch=9 batch=850 global_step=2779 loss_reg_months=5.3094 lr=0.00017543 grad_norm=1.7759 throughput=13.80 img/s eta_seconds=74.5 gpu_alloc=485.7MiB gpu_reserved=4426.0MiB skipped_batches=0
2026-08-23 13:20:09,424 | INFO | epoch=9 batch=875 global_step=2787 loss_reg_months=5.3123 lr=0.00017543 grad_norm=1.8756 throughput=13.77 img/s eta_seconds=52.9 gpu_alloc=485.7MiB gpu_reserved=4426.0MiB skipped_batches=0
2026-08-23 13:20:34,937 | INFO | epoch=9 batch=900 global_step=2796 loss_reg_months=5.3178 lr=0.00017543 grad_norm=1.6607 throughput=13.71 img/s eta_seconds=31.2 gpu_alloc=376.7MiB gpu_reserved=4426.0MiB skipped_batches=0
2026-08-23 13:21:15,212 | INFO | epoch=9 batch=925 global_step=2804 loss_reg_months=5.3217 lr=0.00017543 grad_norm=1.1754 throughput=13.40 img/s eta_seconds=9.6 gpu_alloc=485.7MiB gpu_reserved=4426.0MiB skipped_batches=0
2026-08-23 13:23:49,838 | WARNING | STABILITY WARNING [CAM] Prediction vượt nhẹ miền tuổi 0–228: [-1.89, 216.12]
2026-08-23 13:24:03,330 | INFO | 
TRAINING REVIEW SNAPSHOT
Run ID / config hash / split hash: EXP006_P7_CONTROL_FOLD_1 / edaa5c74c2b6 / f6c953ba9a09+61fdd2e96f4f
Epoch / global step: 9 / 2808
Train loss: 5.3219
Validation MAE / RMSE / median AE: 6.5871 / 8.8844 / 5.0000
MAE nam / nữ / age bins: {'F': 6.890625, 'M': 6.330272024983564} / {'0-59': 6.245964972527473, '60-119': 8.64472433460076, '120-179': 5.573432601880878, '180-228': 6.816115702479339}
Learning rate / peak VRAM: 0.00017543 / 4426.0 MiB
Best epoch / best MAE / epochs không cải thiện: 9 / 6.5871 / 0
Cảnh báo hiện tại: CAM: Prediction vượt nhẹ miền tuổi 0–228: [-1.89, 216.12]
Checkpoint gần nhất: /content/exp006_roadmap/runs/EXP006_P7_CONTROL_FOLD_1/last.ckpt
Checkpoint tốt nhất: /content/exp006_roadmap/runs/EXP006_P7_CONTROL_FOLD_1/best_mae.ckpt
Đề xuất tự động: THEO DÕI
